Component: ARM Compiler 5.06 update 6 (build 750) Tool: armlink [4d35ed]

==============================================================================

Section Cross References

    startup_stm32f10x_md.o(STACK) refers (Special) to heapauxi.o(.text) for __use_two_region_memory
    startup_stm32f10x_md.o(HEAP) refers (Special) to heapauxi.o(.text) for __use_two_region_memory
    startup_stm32f10x_md.o(RESET) refers (Special) to heapauxi.o(.text) for __use_two_region_memory
    startup_stm32f10x_md.o(RESET) refers to startup_stm32f10x_md.o(STACK) for __initial_sp
    startup_stm32f10x_md.o(RESET) refers to startup_stm32f10x_md.o(.text) for Reset_Handler
    startup_stm32f10x_md.o(RESET) refers to stm32f10x_it.o(i.NMI_Handler) for NMI_Handler
    startup_stm32f10x_md.o(RESET) refers to stm32f10x_it.o(i.HardFault_Handler) for HardFault_Handler
    startup_stm32f10x_md.o(RESET) refers to stm32f10x_it.o(i.MemManage_Handler) for MemManage_Handler
    startup_stm32f10x_md.o(RESET) refers to stm32f10x_it.o(i.BusFault_Handler) for BusFault_Handler
    startup_stm32f10x_md.o(RESET) refers to stm32f10x_it.o(i.UsageFault_Handler) for UsageFault_Handler
    startup_stm32f10x_md.o(RESET) refers to stm32f10x_it.o(i.SVC_Handler) for SVC_Handler
    startup_stm32f10x_md.o(RESET) refers to stm32f10x_it.o(i.DebugMon_Handler) for DebugMon_Handler
    startup_stm32f10x_md.o(RESET) refers to stm32f10x_it.o(i.PendSV_Handler) for PendSV_Handler
    startup_stm32f10x_md.o(RESET) refers to stm32f10x_it.o(i.SysTick_Handler) for SysTick_Handler
    startup_stm32f10x_md.o(RESET) refers to hw_fd07_3.o(i.TIM3_IRQHandler) for TIM3_IRQHandler
    startup_stm32f10x_md.o(RESET) refers to hw_timestamp.o(i.TIM4_IRQHandler) for TIM4_IRQHandler
    startup_stm32f10x_md.o(RESET) refers to my_serial.o(i.USART1_IRQHandler) for USART1_IRQHandler
    startup_stm32f10x_md.o(RESET) refers to hw_fd07_3.o(i.EXTI15_10_IRQHandler) for EXTI15_10_IRQHandler
    startup_stm32f10x_md.o(.text) refers (Special) to heapauxi.o(.text) for __use_two_region_memory
    startup_stm32f10x_md.o(.text) refers to system_stm32f10x.o(i.SystemInit) for SystemInit
    startup_stm32f10x_md.o(.text) refers to __main.o(!!!main) for __main
    startup_stm32f10x_md.o(.text) refers to startup_stm32f10x_md.o(HEAP) for Heap_Mem
    startup_stm32f10x_md.o(.text) refers to startup_stm32f10x_md.o(STACK) for Stack_Mem
    system_stm32f10x.o(i.SetSysClock) refers to system_stm32f10x.o(i.SetSysClockTo72) for SetSysClockTo72
    system_stm32f10x.o(i.SystemCoreClockUpdate) refers to system_stm32f10x.o(.data) for SystemCoreClock
    system_stm32f10x.o(i.SystemInit) refers to system_stm32f10x.o(i.SetSysClock) for SetSysClock
    main.o(i.My_HW_Init) refers to rt_memcpy_w.o(.text) for __aeabi_memcpy4
    main.o(i.My_HW_Init) refers to stm32f10x_rcc.o(i.RCC_AHBPeriphClockCmd) for RCC_AHBPeriphClockCmd
    main.o(i.My_HW_Init) refers to stm32f10x_rcc.o(i.RCC_APB1PeriphClockCmd) for RCC_APB1PeriphClockCmd
    main.o(i.My_HW_Init) refers to stm32f10x_rcc.o(i.RCC_APB2PeriphClockCmd) for RCC_APB2PeriphClockCmd
    main.o(i.My_HW_Init) refers to stm32f10x_gpio.o(i.GPIO_PinRemapConfig) for GPIO_PinRemapConfig
    main.o(i.My_HW_Init) refers to my_nvic.o(i.My_NVIC_All_Init) for My_NVIC_All_Init
    main.o(i.My_HW_Init) refers to my_serial.o(i.My_Serial_Init) for My_Serial_Init
    main.o(i.My_HW_Init) refers to main.o(.constdata) for .constdata
    main.o(i.main) refers to my_delay.o(i.My_Delay_Ms) for My_Delay_Ms
    main.o(i.main) refers to main.o(i.My_HW_Init) for My_HW_Init
    main.o(i.main) refers to hw_signal.o(i.HW_Signal_Init) for HW_Signal_Init
    main.o(i.main) refers to hw_fd07_3.o(i.HW_FD07_3_Init) for HW_FD07_3_Init
    main.o(i.main) refers to hw_oled.o(i.HW_OLED_Init) for HW_OLED_Init
    main.o(i.main) refers to stm32f10x_tim.o(i.TIM_SetCounter) for TIM_SetCounter
    main.o(i.main) refers to hw_fd07_3.o(i.FD07_3_Start) for FD07_3_Start
    main.o(i.main) refers to hw_fd07_3.o(i.FD07_3_Get_Dist) for FD07_3_Get_Dist
    main.o(i.main) refers to hw_fd07_3.o(.data) for fd07_3_updateflag
    stm32f10x_adc.o(i.ADC_DeInit) refers to stm32f10x_rcc.o(i.RCC_APB2PeriphResetCmd) for RCC_APB2PeriphResetCmd
    stm32f10x_bkp.o(i.BKP_DeInit) refers to stm32f10x_rcc.o(i.RCC_BackupResetCmd) for RCC_BackupResetCmd
    stm32f10x_can.o(i.CAN_DeInit) refers to stm32f10x_rcc.o(i.RCC_APB1PeriphResetCmd) for RCC_APB1PeriphResetCmd
    stm32f10x_can.o(i.CAN_GetITStatus) refers to stm32f10x_can.o(i.CheckITStatus) for CheckITStatus
    stm32f10x_cec.o(i.CEC_DeInit) refers to stm32f10x_rcc.o(i.RCC_APB1PeriphResetCmd) for RCC_APB1PeriphResetCmd
    stm32f10x_dac.o(i.DAC_DeInit) refers to stm32f10x_rcc.o(i.RCC_APB1PeriphResetCmd) for RCC_APB1PeriphResetCmd
    stm32f10x_flash.o(i.FLASH_EnableWriteProtection) refers to stm32f10x_flash.o(i.FLASH_WaitForLastOperation) for FLASH_WaitForLastOperation
[...]
    Removing stm32f10x_tim.o(i.TIM_OC1PolarityConfig), (18 bytes).
    Removing stm32f10x_tim.o(i.TIM_OC1PreloadConfig), (18 bytes).
    Removing stm32f10x_tim.o(i.TIM_OC2FastConfig), (26 bytes).
    Removing stm32f10x_tim.o(i.TIM_OC2Init), (164 bytes).
    Removing stm32f10x_tim.o(i.TIM_OC2NPolarityConfig), (26 bytes).
    Removing stm32f10x_tim.o(i.TIM_OC2PolarityConfig), (26 bytes).
    Removing stm32f10x_tim.o(i.TIM_OC2PreloadConfig), (26 bytes).
    Removing stm32f10x_tim.o(i.TIM_OC3FastConfig), (18 bytes).
    Removing stm32f10x_tim.o(i.TIM_OC3Init), (160 bytes).
    Removing stm32f10x_tim.o(i.TIM_OC3NPolarityConfig), (26 bytes).
    Removing stm32f10x_tim.o(i.TIM_OC3PolarityConfig), (26 bytes).
    Removing stm32f10x_tim.o(i.TIM_OC3PreloadConfig), (18 bytes).
    Removing stm32f10x_tim.o(i.TIM_OC4FastConfig), (26 bytes).
    Removing stm32f10x_tim.o(i.TIM_OC4Init), (124 bytes).
    Removing stm32f10x_tim.o(i.TIM_OC4PolarityConfig), (26 bytes).
    Removing stm32f10x_tim.o(i.TIM_OC4PreloadConfig), (26 bytes).
    Removing stm32f10x_tim.o(i.TIM_OCStructInit), (20 bytes).
    Removing stm32f10x_tim.o(i.TIM_PWMIConfig), (124 bytes).
    Removing stm32f10x_tim.o(i.TIM_PrescalerConfig), (6 bytes).
    Removing stm32f10x_tim.o(i.TIM_SelectCCDMA), (24 bytes).
    Removing stm32f10x_tim.o(i.TIM_SelectCOM), (24 bytes).
    Removing stm32f10x_tim.o(i.TIM_SelectHallSensor), (24 bytes).
    Removing stm32f10x_tim.o(i.TIM_SelectInputTrigger), (18 bytes).
    Removing stm32f10x_tim.o(i.TIM_SelectMasterSlaveMode), (18 bytes).
    Removing stm32f10x_tim.o(i.TIM_SelectOCxM), (82 bytes).
    Removing stm32f10x_tim.o(i.TIM_SelectOnePulseMode), (18 bytes).
    Removing stm32f10x_tim.o(i.TIM_SelectOutputTrigger), (18 bytes).
    Removing stm32f10x_tim.o(i.TIM_SelectSlaveMode), (18 bytes).
    Removing stm32f10x_tim.o(i.TIM_SetAutoreload), (4 bytes).
    Removing stm32f10x_tim.o(i.TIM_SetClockDivision), (18 bytes).
    Removing stm32f10x_tim.o(i.TIM_SetCompare1), (4 bytes).
    Removing stm32f10x_tim.o(i.TIM_SetCompare2), (4 bytes).
    Removing stm32f10x_tim.o(i.TIM_SetCompare3), (4 bytes).
    Removing stm32f10x_tim.o(i.TIM_SetCompare4), (6 bytes).
    Removing stm32f10x_tim.o(i.TIM_SetIC1Prescaler), (18 bytes).
    Removing stm32f10x_tim.o(i.TIM_SetIC2Prescaler), (26 bytes).
    Removing stm32f10x_tim.o(i.TIM_SetIC3Prescaler), (18 bytes).
    Removing stm32f10x_tim.o(i.TIM_SetIC4Prescaler), (26 bytes).
    Removing stm32f10x_tim.o(i.TIM_TIxExternalClockConfig), (62 bytes).
    Removing stm32f10x_tim.o(i.TIM_UpdateDisableConfig), (24 bytes).
    Removing stm32f10x_tim.o(i.TIM_UpdateRequestConfig), (24 bytes).
    Removing stm32f10x_usart.o(i.USART_ClearFlag), (18 bytes).
    Removing stm32f10x_usart.o(i.USART_ClearITPendingBit), (30 bytes).
    Removing stm32f10x_usart.o(i.USART_ClockInit), (34 bytes).
    Removing stm32f10x_usart.o(i.USART_ClockStructInit), (12 bytes).
    Removing stm32f10x_usart.o(i.USART_DMACmd), (18 bytes).
    Removing stm32f10x_usart.o(i.USART_DeInit), (156 bytes).
    Removing stm32f10x_usart.o(i.USART_HalfDuplexCmd), (24 bytes).
    Removing stm32f10x_usart.o(i.USART_IrDACmd), (24 bytes).
    Removing stm32f10x_usart.o(i.USART_IrDAConfig), (18 bytes).
    Removing stm32f10x_usart.o(i.USART_LINBreakDetectLengthConfig), (18 bytes).
    Removing stm32f10x_usart.o(i.USART_LINCmd), (24 bytes).
    Removing stm32f10x_usart.o(i.USART_OneBitMethodCmd), (24 bytes).
    Removing stm32f10x_usart.o(i.USART_OverSampling8Cmd), (22 bytes).
    Removing stm32f10x_usart.o(i.USART_ReceiverWakeUpCmd), (24 bytes).
    Removing stm32f10x_usart.o(i.USART_SendBreak), (10 bytes).
    Removing stm32f10x_usart.o(i.USART_SetAddress), (18 bytes).
    Removing stm32f10x_usart.o(i.USART_SetGuardTime), (16 bytes).
    Removing stm32f10x_usart.o(i.USART_SetPrescaler), (16 bytes).
    Removing stm32f10x_usart.o(i.USART_SmartCardCmd), (24 bytes).
    Removing stm32f10x_usart.o(i.USART_SmartCardNACKCmd), (24 bytes).
    Removing stm32f10x_usart.o(i.USART_StructInit), (24 bytes).
    Removing stm32f10x_usart.o(i.USART_WakeUpConfig), (18 bytes).
    Removing stm32f10x_wwdg.o(i.WWDG_ClearFlag), (12 bytes).
    Removing stm32f10x_wwdg.o(i.WWDG_DeInit), (22 bytes).
    Removing stm32f10x_wwdg.o(i.WWDG_Enable), (16 bytes).
    Removing stm32f10x_wwdg.o(i.WWDG_EnableIT), (12 bytes).
    Removing stm32f10x_wwdg.o(i.WWDG_GetFlagStatus), (12 bytes).
    Removing stm32f10x_wwdg.o(i.WWDG_SetCounter), (16 bytes).
    Removing stm32f10x_wwdg.o(i.WWDG_SetPrescaler), (24 bytes).
    Removing stm32f10x_wwdg.o(i.WWDG_SetWindowValue), (40 bytes).
    Removing my_adc.o(i.My_ADC_All_Init), (104 bytes).
    Removing my_adc.o(i.My_ADC_Init), (120 bytes).
    Removing my_delay.o(i.My_Delay_S), (24 bytes).
    Removing my_dma.o(i.My_DMA_Init), (84 bytes).
    Removing my_serial.o(i.My_Serial_GetRxFlag), (76 bytes).
    Removing my_serial.o(i.My_Serial_SendString), (32 bytes).
    Removing my_serial.o(i.My_Serial_printf), (50 bytes).
    Removing my_serial.o(i.USART1_Control), (148 bytes).
    Removing my_serial.o(.bss), (180 bytes).
    Removing my_tim.o(i.MY_TIM_OC_Init), (180 bytes).
    Removing my_tim.o(i.MY_TIM_OC_Start), (40 bytes).
    Removing my_tim.o(i.My_TIM_Encoder_Start), (72 bytes).
    Removing my_tim.o(i.My_TIM_IC_Init), (94 bytes).
    Removing my_tim.o(i.My_TIM_IC_Start), (48 bytes).
    Removing hw_adc.o(i.HW_ADC_Init), (84 bytes).
    Removing hw_adc.o(.constdata), (68 bytes).
    Removing hw_adc.o(.data), (4 bytes).
    Removing hw_key.o(i.HW_Key_GetDown), (28 bytes).
    Removing hw_key.o(i.HW_Key_GetSingle), (44 bytes).
    Removing hw_key.o(i.HW_Key_GetTime), (12 bytes).
    Removing hw_key.o(i.HW_Key_Init), (24 bytes).
    Removing hw_key.o(i.HW_Key_Scan), (132 bytes).
    Removing hw_key.o(.constdata), (12 bytes).
    Removing hw_key.o(.data), (5 bytes).
    Removing hw_oled.o(i.OLED_ClearLine), (52 bytes).
    Removing hw_oled.o(i.OLED_ShowBinNum), (62 bytes).
    Removing hw_oled.o(i.OLED_ShowFloat), (282 bytes).
    Removing hw_oled.o(i.OLED_ShowHexNum), (84 bytes).
    Removing hw_oled.o(i.OLED_ShowSignedNum), (102 bytes).
    Removing hw_signal.o(i.HW_Signal_On), (92 bytes).
    Removing hw_signal.o(i.HW_Signal_Toggle), (88 bytes).
    Removing hw_timestamp.o(i.HW_Timestamp_Init), (56 bytes).
    Removing hw_timestamp.o(.constdata), (8 bytes).
    Removing hw_i2c.o(i.HW_I2C_Init), (136 bytes).
    Removing hw_i2c.o(i.HW_I2C_Read), (128 bytes).
    Removing hw_i2c.o(i.HW_I2C_Reg_Read), (204 bytes).
    Removing hw_i2c.o(i.HW_I2C_Reg_Write), (144 bytes).
    Removing hw_i2c.o(i.HW_I2C_Scan), (54 bytes).
    Removing hw_i2c.o(i.HW_I2C_Write), (116 bytes).
    Removing hw_i2c.o(.constdata), (12 bytes).
    Removing lowpass_filter.o(i.lpf_calc), (54 bytes).
    Removing lowpass_filter.o(i.lpf_reset), (4 bytes).
    Removing pid.o(i.pid_calc), (322 bytes).
    Removing pid.o(i.pid_reset), (10 bytes).
    Removing sw_i2c.o(i.SW_I2C_Read), (92 bytes).
    Removing sw_i2c.o(i.SW_I2C_Read_Byte), (72 bytes).
    Removing sw_i2c.o(i.SW_I2C_Reg_Read), (74 bytes).
    Removing sw_i2c.o(i.SW_I2C_Reg_Write), (74 bytes).
    Removing sw_i2c.o(i.SW_I2C_Scan), (54 bytes).

490 unused section(s) (total 21507 bytes) removed from the image.

==============================================================================

Image Symbol Table

    Local Symbols

    Symbol Name                              Value     Ov Type        Size  Object(Section)

    ../clib/angel/boardlib.s                 0x00000000   Number         0  boardinit1.o ABSOLUTE
    ../clib/angel/boardlib.s                 0x00000000   Number         0  boardshut.o ABSOLUTE
    ../clib/angel/boardlib.s                 0x00000000   Number         0  boardinit2.o ABSOLUTE
    ../clib/angel/boardlib.s                 0x00000000   Number         0  boardinit3.o ABSOLUTE
    ../clib/angel/handlers.s                 0x00000000   Number         0  __scatter_zi.o ABSOLUTE
    ../clib/angel/handlers.s                 0x00000000   Number         0  __scatter_copy.o ABSOLUTE
    ../clib/angel/kernel.s                   0x00000000   Number         0  rtexit.o ABSOLUTE
    ../clib/angel/kernel.s                   0x00000000   Number         0  __rtentry2.o ABSOLUTE
    ../clib/angel/kernel.s                   0x00000000   Number         0  __rtentry4.o ABSOLUTE
    ../clib/angel/kernel.s                   0x00000000   Number         0  rtexit2.o ABSOLUTE
    ../clib/angel/kernel.s                   0x00000000   Number         0  __rtentry.o ABSOLUTE
    ../clib/angel/rt.s                       0x00000000   Number         0  rt_locale_intlibspace.o ABSOLUTE
    ../clib/angel/rt.s                       0x00000000   Number         0  rt_raise.o ABSOLUTE
    ../clib/angel/rt.s                       0x00000000   Number         0  rt_ctype_table.o ABSOLUTE
    ../clib/angel/rt.s                       0x00000000   Number         0  rt_locale.o ABSOLUTE
    ../clib/angel/scatter.s                  0x00000000   Number         0  __scatter.o ABSOLUTE
    ../clib/angel/startup.s                  0x00000000   Number         0  __main.o ABSOLUTE
    ../clib/angel/sys.s                      0x00000000   Number         0  use_no_semi.o ABSOLUTE
    ../clib/angel/sys.s                      0x00000000   Number         0  indicate_semi.o ABSOLUTE
    ../clib/angel/sys.s                      0x00000000   Number         0  sys_stackheap_outer.o ABSOLUTE
    ../clib/angel/sys.s                      0x00000000   Number         0  libspace.o ABSOLUTE
    ../clib/angel/sysapp.c                   0x00000000   Number         0  sys_wrch.o ABSOLUTE
    ../clib/angel/sysapp.c                   0x00000000   Number         0  sys_exit.o ABSOLUTE
    ../clib/angel/sysapp.c                   0x00000000   Number         0  sys_command.o ABSOLUTE
    ../clib/armsys.c                         0x00000000   Number         0  argv_veneer.o ABSOLUTE
    ../clib/armsys.c                         0x00000000   Number         0  _get_argv_nomalloc.o ABSOLUTE
    ../clib/armsys.c                         0x00000000   Number         0  no_argv.o ABSOLUTE
    ../clib/armsys.c                         0x00000000   Number         0  argv_veneer.o ABSOLUTE
    ../clib/bigflt.c                         0x00000000   Number         0  bigflt0.o ABSOLUTE
    ../clib/btod.s                           0x00000000   Number         0  btod.o ABSOLUTE
    ../clib/heapalloc.c                      0x00000000   Number         0  hrguard.o ABSOLUTE
    ../clib/heapaux.c                        0x00000000   Number         0  heapauxi.o ABSOLUTE
    ../clib/libinit.s                        0x00000000   Number         0  libshutdown2.o ABSOLUTE
    ../clib/libinit.s                        0x00000000   Number         0  libshutdown.o ABSOLUTE
    ../clib/libinit.s                        0x00000000   Number         0  libinit2.o ABSOLUTE
    ../clib/libinit.s                        0x00000000   Number         0  libinit.o ABSOLUTE
    ../clib/locale.c                         0x00000000   Number         0  _wcrtomb.o ABSOLUTE
    ../clib/locale.s                         0x00000000   Number         0  lc_numeric_c.o ABSOLUTE
    ../clib/locale.s                         0x00000000   Number         0  lc_ctype_c.o ABSOLUTE
    ../clib/longlong.s                       0x00000000   Number         0  lludiv10.o ABSOLUTE
    ../clib/memcpset.s                       0x00000000   Number         0  rt_memclr_w.o ABSOLUTE
    ../clib/memcpset.s                       0x00000000   Number         0  rt_memcpy_w.o ABSOLUTE
    ../clib/memcpset.s                       0x00000000   Number         0  strcmpv7m.o ABSOLUTE
    ../clib/misc.s                           0x00000000   Number         0  printf_stubs.o ABSOLUTE
    ../clib/printf.c                         0x00000000   Number         0  _printf_hex_ll_ptr.o ABSOLUTE
    ../clib/printf.c                         0x00000000   Number         0  _printf_hex_int_ptr.o ABSOLUTE
    ../clib/printf.c                         0x00000000   Number         0  _printf_hex_ptr.o ABSOLUTE
    ../clib/printf.c                         0x00000000   Number         0  _printf_hex_int_ll.o ABSOLUTE
    ../clib/printf.c                         0x00000000   Number         0  _printf_hex_int.o ABSOLUTE
    ../clib/printf.c                         0x00000000   Number         0  _printf_hex_ll.o ABSOLUTE
    ../clib/printf.c                         0x00000000   Number         0  _printf_oct_int_ll.o ABSOLUTE
    ../clib/printf.c                         0x00000000   Number         0  _printf_oct_ll.o ABSOLUTE
    ../clib/printf.c                         0x00000000   Number         0  _printf_longlong_dec.o ABSOLUTE
    ../clib/printf.c                         0x00000000   Number         0  _printf_wctomb.o ABSOLUTE
    ../clib/printf.c                         0x00000000   Number         0  _sputc.o ABSOLUTE
    ../clib/printf.c                         0x00000000   Number         0  _printf_char_common.o ABSOLUTE
    ../clib/printf.c                         0x00000000   Number         0  _printf_charcount.o ABSOLUTE
    ../clib/printf.c                         0x00000000   Number         0  _printf_dec.o ABSOLUTE
    ../clib/printf.c                         0x00000000   Number         0  _printf_str.o ABSOLUTE
    ../clib/printf.c                         0x00000000   Number         0  _printf_truncate.o ABSOLUTE
    ../clib/printf.c                         0x00000000   Number         0  _printf_pad.o ABSOLUTE
    ../clib/printf.c                         0x00000000   Number         0  vsprintf.o ABSOLUTE
    ../clib/printf.c                         0x00000000   Number         0  __printf.o ABSOLUTE
    ../clib/printf.c                         0x00000000   Number         0  _printf_oct_int.o ABSOLUTE
    ../clib/printf.c                         0x00000000   Number         0  _printf_fp_infnan.o ABSOLUTE
    ../clib/printf.c                         0x00000000   Number         0  __printf_flags_ss_wp.o ABSOLUTE
    ../clib/printf.c                         0x00000000   Number         0  __printf_ss_wp.o ABSOLUTE
    ../clib/printf.c                         0x00000000   Number         0  __printf_flags_wp.o ABSOLUTE
    ../clib/printf.c                         0x00000000   Number         0  __printf_wp.o ABSOLUTE
    ../clib/printf.c                         0x00000000   Number         0  _printf_wchar.o ABSOLUTE
    ../clib/printf.c                         0x00000000   Number         0  _printf_char.o ABSOLUTE
    ../clib/printf.c                         0x00000000   Number         0  __printf_nopercent.o ABSOLUTE
    ../clib/printf.c                         0x00000000   Number         0  _printf_fp_hex.o ABSOLUTE
    ../clib/printf.c                         0x00000000   Number         0  _printf_fp_dec.o ABSOLUTE
    ../clib/printf.c                         0x00000000   Number         0  _printf_intcommon.o ABSOLUTE
    ../clib/printf.c                         0x00000000   Number         0  __printf_flags_ss.o ABSOLUTE
    ../clib/printf.c                         0x00000000   Number         0  __printf_ss.o ABSOLUTE
    ../clib/printf.c                         0x00000000   Number         0  __printf_flags.o ABSOLUTE
    ../clib/printf.c                         0x00000000   Number         0  _printf_hex_int_ll_ptr.o ABSOLUTE
    ../clib/printf_percent.s                 0x00000000   Number         0  _printf_c.o ABSOLUTE
    ../clib/printf_percent.s                 0x00000000   Number         0  _printf_lld.o ABSOLUTE
    ../clib/printf_percent.s                 0x00000000   Number         0  _printf_percent_end.o ABSOLUTE
    ../clib/printf_percent.s                 0x00000000   Number         0  _printf_llo.o ABSOLUTE
    ../clib/printf_percent.s                 0x00000000   Number         0  _printf_llx.o ABSOLUTE
    ../clib/printf_percent.s                 0x00000000   Number         0  _printf_lli.o ABSOLUTE
    ../clib/printf_percent.s                 0x00000000   Number         0  _printf_a.o ABSOLUTE
    ../clib/printf_percent.s                 0x00000000   Number         0  _printf_s.o ABSOLUTE
    ../clib/printf_percent.s                 0x00000000   Number         0  _printf_n.o ABSOLUTE
    ../clib/printf_percent.s                 0x00000000   Number         0  _printf_x.o ABSOLUTE
    ../clib/printf_percent.s                 0x00000000   Number         0  _printf_p.o ABSOLUTE
    ../clib/printf_percent.s                 0x00000000   Number         0  _printf_o.o ABSOLUTE
    ../clib/printf_percent.s                 0x00000000   Number         0  _printf_ls.o ABSOLUTE
    ../clib/printf_percent.s                 0x00000000   Number         0  _printf_i.o ABSOLUTE
    ../clib/printf_percent.s                 0x00000000   Number         0  _printf_d.o ABSOLUTE
    ../clib/printf_percent.s                 0x00000000   Number         0  _printf_u.o ABSOLUTE
    ../clib/printf_percent.s                 0x00000000   Number         0  _printf_lc.o ABSOLUTE
    ../clib/printf_percent.s                 0x00000000   Number         0  _printf_f.o ABSOLUTE
    ../clib/printf_percent.s                 0x00000000   Number         0  _printf_e.o ABSOLUTE
    ../clib/printf_percent.s                 0x00000000   Number         0  _printf_g.o ABSOLUTE
    ../clib/printf_percent.s                 0x00000000   Number         0  _printf_l.o ABSOLUTE
    ../clib/printf_percent.s                 0x00000000   Number         0  _printf_percent.o ABSOLUTE
    ../clib/printf_percent.s                 0x00000000   Number         0  _printf_ll.o ABSOLUTE
    ../clib/printf_percent.s                 0x00000000   Number         0  _printf_llu.o ABSOLUTE
    ../clib/signal.c                         0x00000000   Number         0  defsig_fpe_inner.o ABSOLUTE
    ../clib/signal.c                         0x00000000   Number         0  defsig_general.o ABSOLUTE
    ../clib/signal.c                         0x00000000   Number         0  defsig_pvfn_inner.o ABSOLUTE
    ../clib/signal.c                         0x00000000   Number         0  defsig_cppl_inner.o ABSOLUTE
    ../clib/signal.c                         0x00000000   Number         0  defsig_rtmem_inner.o ABSOLUTE
    ../clib/signal.c                         0x00000000   Number         0  defsig_other.o ABSOLUTE
    ../clib/signal.c                         0x00000000   Number         0  defsig_abrt_inner.o ABSOLUTE
    ../clib/signal.c                         0x00000000   Number         0  __raise.o ABSOLUTE
    ../clib/signal.c                         0x00000000   Number         0  defsig_exit.o ABSOLUTE
    ../clib/signal.c                         0x00000000   Number         0  defsig_rtred_inner.o ABSOLUTE
    ../clib/signal.c                         0x00000000   Number         0  defsig_stak_inner.o ABSOLUTE
    ../clib/signal.c                         0x00000000   Number         0  defsig_rtmem_formal.o ABSOLUTE
    ../clib/signal.c                         0x00000000   Number         0  defsig_rtmem_outer.o ABSOLUTE
    ../clib/signal.c                         0x00000000   Number         0  defsig_segv_inner.o ABSOLUTE
    ../clib/signal.s                         0x00000000   Number         0  defsig.o ABSOLUTE
    ../clib/stdlib.c                         0x00000000   Number         0  exit.o ABSOLUTE
    ../fplib/faddsub.s                       0x00000000   Number         0  faddsub_clz.o ABSOLUTE
    ../fplib/fcmpi.s                         0x00000000   Number         0  fcmpi.o ABSOLUTE
    ../fplib/fdiv.s                          0x00000000   Number         0  fdiv.o ABSOLUTE
    ../fplib/ffix.s                          0x00000000   Number         0  ffix.o ABSOLUTE
    ../fplib/fflt.s                          0x00000000   Number         0  fflt_clz.o ABSOLUTE
    ../fplib/fleqf.s                         0x00000000   Number         0  fleqf.o ABSOLUTE
    ../fplib/fmul.s                          0x00000000   Number         0  fmul.o ABSOLUTE
    ../fplib/fnaninf.s                       0x00000000   Number         0  fnaninf.o ABSOLUTE
    ../fplib/fpinit.s                        0x00000000   Number         0  fpinit.o ABSOLUTE
    ../fplib/fretinf.s                       0x00000000   Number         0  fretinf.o ABSOLUTE
    ../fplib/frleqf.s                        0x00000000   Number         0  frleqf.o ABSOLUTE
    ../fplib/istatus.s                       0x00000000   Number         0  istatus.o ABSOLUTE
    ../fplib/printf1.s                       0x00000000   Number         0  printf1.o ABSOLUTE
    ../fplib/printf2.s                       0x00000000   Number         0  printf2.o ABSOLUTE
    ../fplib/printf2a.s                      0x00000000   Number         0  printf2a.o ABSOLUTE
    ../fplib/printf2b.s                      0x00000000   Number         0  printf2b.o ABSOLUTE
    ../fplib/usenofp.s                       0x00000000   Number         0  usenofp.o ABSOLUTE
    ../mathlib/fpclassify.c                  0x00000000   Number         0  fpclassify.o ABSOLUTE
    Library\misc.c                           0x00000000   Number         0  misc.o ABSOLUTE
    Library\stm32f10x_adc.c                  0x00000000   Number         0  stm32f10x_adc.o ABSOLUTE
    Library\stm32f10x_bkp.c                  0x00000000   Number         0  stm32f10x_bkp.o ABSOLUTE
    Library\stm32f10x_can.c                  0x00000000   Number         0  stm32f10x_can.o ABSOLUTE
    Library\stm32f10x_cec.c                  0x00000000   Number         0  stm32f10x_cec.o ABSOLUTE
    Library\stm32f10x_crc.c                  0x00000000   Number         0  stm32f10x_crc.o ABSOLUTE
    Library\stm32f10x_dac.c                  0x00000000   Number         0  stm32f10x_dac.o ABSOLUTE
    Library\stm32f10x_dbgmcu.c               0x00000000   Number         0  stm32f10x_dbgmcu.o ABSOLUTE
    Library\stm32f10x_dma.c                  0x00000000   Number         0  stm32f10x_dma.o ABSOLUTE
    Library\stm32f10x_exti.c                 0x00000000   Number         0  stm32f10x_exti.o ABSOLUTE
    Library\stm32f10x_flash.c                0x00000000   Number         0  stm32f10x_flash.o ABSOLUTE
    Library\stm32f10x_fsmc.c                 0x00000000   Number         0  stm32f10x_fsmc.o ABSOLUTE
    Library\stm32f10x_gpio.c                 0x00000000   Number         0  stm32f10x_gpio.o ABSOLUTE
    Library\stm32f10x_i2c.c                  0x00000000   Number         0  stm32f10x_i2c.o ABSOLUTE
    Library\stm32f10x_iwdg.c                 0x00000000   Number         0  stm32f10x_iwdg.o ABSOLUTE
    Library\stm32f10x_pwr.c                  0x00000000   Number         0  stm32f10x_pwr.o ABSOLUTE
    Library\stm32f10x_rcc.c                  0x00000000   Number         0  stm32f10x_rcc.o ABSOLUTE
    Library\stm32f10x_rtc.c                  0x00000000   Number         0  stm32f10x_rtc.o ABSOLUTE
    Library\stm32f10x_sdio.c                 0x00000000   Number         0  stm32f10x_sdio.o ABSOLUTE
    Library\stm32f10x_spi.c                  0x00000000   Number         0  stm32f10x_spi.o ABSOLUTE
    Library\stm32f10x_tim.c                  0x00000000   Number         0  stm32f10x_tim.o ABSOLUTE
    Library\stm32f10x_usart.c                0x00000000   Number         0  stm32f10x_usart.o ABSOLUTE
    Library\stm32f10x_wwdg.c                 0x00000000   Number         0  stm32f10x_wwdg.o ABSOLUTE
    Start\\core_cm3.c                        0x00000000   Number         0  core_cm3.o ABSOLUTE
    Start\core_cm3.c                         0x00000000   Number         0  core_cm3.o ABSOLUTE
    Start\startup_stm32f10x_md.s             0x00000000   Number         0  startup_stm32f10x_md.o ABSOLUTE
    Start\system_stm32f10x.c                 0x00000000   Number         0  system_stm32f10x.o ABSOLUTE
    User\BSP\src\hw_adc.c                    0x00000000   Number         0  hw_adc.o ABSOLUTE
    User\BSP\src\hw_fd07_3.c                 0x00000000   Number         0  hw_fd07_3.o ABSOLUTE
    User\BSP\src\hw_key.c                    0x00000000   Number         0  hw_key.o ABSOLUTE
    User\BSP\src\hw_oled.c                   0x00000000   Number         0  hw_oled.o ABSOLUTE
    User\BSP\src\hw_signal.c                 0x00000000   Number         0  hw_signal.o ABSOLUTE
    User\BSP\src\hw_timestamp.c              0x00000000   Number         0  hw_timestamp.o ABSOLUTE
    User\Common\src\hw_i2c.c                 0x00000000   Number         0  hw_i2c.o ABSOLUTE
    User\Common\src\lowpass_filter.c         0x00000000   Number         0  lowpass_filter.o ABSOLUTE
    User\Common\src\pid.c                    0x00000000   Number         0  pid.o ABSOLUTE
    User\Common\src\sw_i2c.c                 0x00000000   Number         0  sw_i2c.o ABSOLUTE
    User\MyLibrary\src\my_adc.c              0x00000000   Number         0  my_adc.o ABSOLUTE
    User\MyLibrary\src\my_delay.c            0x00000000   Number         0  my_delay.o ABSOLUTE
    User\MyLibrary\src\my_dma.c              0x00000000   Number         0  my_dma.o ABSOLUTE
    User\MyLibrary\src\my_exti.c             0x00000000   Number         0  my_exti.o ABSOLUTE
    User\MyLibrary\src\my_gpio.c             0x00000000   Number         0  my_gpio.o ABSOLUTE
    User\MyLibrary\src\my_i2c.c              0x00000000   Number         0  my_i2c.o ABSOLUTE
    User\MyLibrary\src\my_nvic.c             0x00000000   Number         0  my_nvic.o ABSOLUTE
    User\MyLibrary\src\my_serial.c           0x00000000   Number         0  my_serial.o ABSOLUTE
    User\MyLibrary\src\my_tim.c              0x00000000   Number         0  my_tim.o ABSOLUTE
    User\main.c                              0x00000000   Number         0  main.o ABSOLUTE
    User\stm32f10x_it.c                      0x00000000   Number         0  stm32f10x_it.o ABSOLUTE
    dc.s                                     0x00000000   Number         0  dc.o ABSOLUTE
    RESET                                    0x08000000   Section      236  startup_stm32f10x_md.o(RESET)
    !!!main                                  0x080000ec   Section        8  __main.o(!!!main)
    !!!scatter                               0x080000f4   Section       52  __scatter.o(!!!scatter)
    !!handler_copy                           0x08000128   Section       26  __scatter_copy.o(!!handler_copy)
    !!handler_zi                             0x08000144   Section       28  __scatter_zi.o(!!handler_zi)
    .ARM.Collect$$libinit$$00000000          0x08000160   Section        2  libinit.o(.ARM.Collect$$libinit$$00000000)
    .ARM.Collect$$libinit$$00000002          0x08000162   Section        0  libinit2.o(.ARM.Collect$$libinit$$00000002)
    .ARM.Collect$$libinit$$00000004          0x08000162   Section        0  libinit2.o(.ARM.Collect$$libinit$$00000004)
    .ARM.Collect$$libinit$$0000000A          0x08000162   Section        0  libinit2.o(.ARM.Collect$$libinit$$0000000A)
    .ARM.Collect$$libinit$$0000000C          0x08000162   Section        0  libinit2.o(.ARM.Collect$$libinit$$0000000C)
    .ARM.Collect$$libinit$$0000000E          0x08000162   Section        0  libinit2.o(.ARM.Collect$$libinit$$0000000E)
    .ARM.Collect$$libinit$$00000011          0x08000162   Section        0  libinit2.o(.ARM.Collect$$libinit$$00000011)
    .ARM.Collect$$libinit$$00000013          0x08000162   Section        0  libinit2.o(.ARM.Collect$$libinit$$00000013)
    .ARM.Collect$$libinit$$00000015          0x08000162   Section        0  libinit2.o(.ARM.Collect$$libinit$$00000015)
    .ARM.Collect$$libinit$$00000017          0x08000162   Section        0  libinit2.o(.ARM.Collect$$libinit$$00000017)
    .ARM.Collect$$libinit$$00000019          0x08000162   Section        0  libinit2.o(.ARM.Collect$$libinit$$00000019)
    .ARM.Collect$$libinit$$0000001B          0x08000162   Section        0  libinit2.o(.ARM.Collect$$libinit$$0000001B)
    .ARM.Collect$$libinit$$0000001D          0x08000162   Section        0  libinit2.o(.ARM.Collect$$libinit$$0000001D)
    .ARM.Collect$$libinit$$0000001F          0x08000162   Section        0  libinit2.o(.ARM.Collect$$libinit$$0000001F)
    .ARM.Collect$$libinit$$00000021          0x08000162   Section        0  libinit2.o(.ARM.Collect$$libinit$$00000021)
    .ARM.Collect$$libinit$$00000023          0x08000162   Section        0  libinit2.o(.ARM.Collect$$libinit$$00000023)
    .ARM.Collect$$libinit$$00000025          0x08000162   Section        0  libinit2.o(.ARM.Collect$$libinit$$00000025)
    .ARM.Collect$$libinit$$0000002C          0x08000162   Section        0  libinit2.o(.ARM.Collect$$libinit$$0000002C)
    .ARM.Collect$$libinit$$0000002E          0x08000162   Section        0  libinit2.o(.ARM.Collect$$libinit$$0000002E)
    .ARM.Collect$$libinit$$00000030          0x08000162   Section        0  libinit2.o(.ARM.Collect$$libinit$$00000030)
    .ARM.Collect$$libinit$$00000032          0x08000162   Section        0  libinit2.o(.ARM.Collect$$libinit$$00000032)
    .ARM.Collect$$libinit$$00000033          0x08000162   Section        2  libinit2.o(.ARM.Collect$$libinit$$00000033)
    .ARM.Collect$$libshutdown$$00000000      0x08000164   Section        2  libshutdown.o(.ARM.Collect$$libshutdown$$00000000)
    .ARM.Collect$$libshutdown$$00000002      0x08000166   Section        0  libshutdown2.o(.ARM.Collect$$libshutdown$$00000002)
    .ARM.Collect$$libshutdown$$00000004      0x08000166   Section        0  libshutdown2.o(.ARM.Collect$$libshutdown$$00000004)
    .ARM.Collect$$libshutdown$$00000007      0x08000166   Section        0  libshutdown2.o(.ARM.Collect$$libshutdown$$00000007)
    .ARM.Collect$$libshutdown$$0000000A      0x08000166   Section        0  libshutdown2.o(.ARM.Collect$$libshutdown$$0000000A)
    .ARM.Collect$$libshutdown$$0000000C      0x08000166   Section        0  libshutdown2.o(.ARM.Collect$$libshutdown$$0000000C)
    .ARM.Collect$$libshutdown$$0000000F      0x08000166   Section        0  libshutdown2.o(.ARM.Collect$$libshutdown$$0000000F)
    .ARM.Collect$$libshutdown$$00000010      0x08000166   Section        2  libshutdown2.o(.ARM.Collect$$libshutdown$$00000010)
    .ARM.Collect$$rtentry$$00000000          0x08000168   Section        0  __rtentry.o(.ARM.Collect$$rtentry$$00000000)
    .ARM.Collect$$rtentry$$00000002          0x08000168   Section        0  __rtentry2.o(.ARM.Collect$$rtentry$$00000002)
    .ARM.Collect$$rtentry$$00000004          0x08000168   Section        6  __rtentry4.o(.ARM.Collect$$rtentry$$00000004)
    .ARM.Collect$$rtentry$$00000009          0x0800016e   Section        0  __rtentry2.o(.ARM.Collect$$rtentry$$00000009)
    .ARM.Collect$$rtentry$$0000000A          0x0800016e   Section        4  __rtentry2.o(.ARM.Collect$$rtentry$$0000000A)
    .ARM.Collect$$rtentry$$0000000C          0x08000172   Section        0  __rtentry2.o(.ARM.Collect$$rtentry$$0000000C)
    .ARM.Collect$$rtentry$$0000000D          0x08000172   Section        8  __rtentry2.o(.ARM.Collect$$rtentry$$0000000D)
    .ARM.Collect$$rtexit$$00000000           0x0800017a   Section        2  rtexit.o(.ARM.Collect$$rtexit$$00000000)
    .ARM.Collect$$rtexit$$00000002           0x0800017c   Section        0  rtexit2.o(.ARM.Collect$$rtexit$$00000002)
    .ARM.Collect$$rtexit$$00000003           0x0800017c   Section        4  rtexit2.o(.ARM.Collect$$rtexit$$00000003)
    .ARM.Collect$$rtexit$$00000004           0x08000180   Section        6  rtexit2.o(.ARM.Collect$$rtexit$$00000004)
    .text                                    0x08000188   Section       64  startup_stm32f10x_md.o(.text)
    .text                                    0x080001c8   Section      100  rt_memcpy_w.o(.text)
    .text                                    0x0800022c   Section        0  heapauxi.o(.text)
    .text                                    0x08000232   Section       74  sys_stackheap_outer.o(.text)
    .text                                    0x0800027c   Section        0  exit.o(.text)
    .text                                    0x08000290   Section        8  libspace.o(.text)
    .text                                    0x08000298   Section        0  sys_exit.o(.text)
    .text                                    0x080002a4   Section        2  use_no_semi.o(.text)
    .text                                    0x080002a6   Section        0  indicate_semi.o(.text)
    i.BusFault_Handler                       0x080002a6   Section        0  stm32f10x_it.o(i.BusFault_Handler)
    i.DebugMon_Handler                       0x080002aa   Section        0  stm32f10x_it.o(i.DebugMon_Handler)
    i.EXTI15_10_IRQHandler                   0x080002ac   Section        0  hw_fd07_3.o(i.EXTI15_10_IRQHandler)
    i.EXTI_ClearITPendingBit                 0x08000320   Section        0  stm32f10x_exti.o(i.EXTI_ClearITPendingBit)
    i.EXTI_GetITStatus                       0x0800032c   Section        0  stm32f10x_exti.o(i.EXTI_GetITStatus)
    i.EXTI_Init                              0x08000354   Section        0  stm32f10x_exti.o(i.EXTI_Init)
    i.EXTI_StructInit                        0x080003e8   Section        0  stm32f10x_exti.o(i.EXTI_StructInit)
    i.FD07_3_Get_Dist                        0x080003f8   Section        0  hw_fd07_3.o(i.FD07_3_Get_Dist)
    i.FD07_3_Get_ITNum                       0x0800048c   Section        0  hw_fd07_3.o(i.FD07_3_Get_ITNum)
    i.FD07_3_Send_Data                       0x080004b4   Section        0  hw_fd07_3.o(i.FD07_3_Send_Data)
    i.FD07_3_Start                           0x080004e8   Section        0  hw_fd07_3.o(i.FD07_3_Start)
    i.Find_Median                            0x0800050c   Section        0  lowpass_filter.o(i.Find_Median)
    i.GPIO_EXTILineConfig                    0x0800055c   Section        0  stm32f10x_gpio.o(i.GPIO_EXTILineConfig)
    i.GPIO_Init                              0x0800059c   Section        0  stm32f10x_gpio.o(i.GPIO_Init)
    i.GPIO_PinRemapConfig                    0x080006b4   Section        0  stm32f10x_gpio.o(i.GPIO_PinRemapConfig)
    i.GPIO_ReadInputDataBit                  0x08000744   Section        0  stm32f10x_gpio.o(i.GPIO_ReadInputDataBit)
    i.GPIO_ResetBits                         0x08000756   Section        0  stm32f10x_gpio.o(i.GPIO_ResetBits)
    i.GPIO_SetBits                           0x0800075a   Section        0  stm32f10x_gpio.o(i.GPIO_SetBits)
    i.GPIO_StructInit                        0x0800075e   Section        0  stm32f10x_gpio.o(i.GPIO_StructInit)
    i.GPIO_WriteBit                          0x0800076e   Section        0  stm32f10x_gpio.o(i.GPIO_WriteBit)
    i.HW_FD07_3_Init                         0x08000778   Section        0  hw_fd07_3.o(i.HW_FD07_3_Init)
    i.HW_OLED_Init                           0x080007d8   Section        0  hw_oled.o(i.HW_OLED_Init)
    i.HW_OLED_Show                           0x080008d8   Section        0  hw_oled.o(i.HW_OLED_Show)
    i.HW_Signal_Init                         0x08000934   Section        0  hw_signal.o(i.HW_Signal_Init)
    i.HW_Signal_Off                          0x0800094c   Section        0  hw_signal.o(i.HW_Signal_Off)
    i.HardFault_Handler                      0x080009a8   Section        0  stm32f10x_it.o(i.HardFault_Handler)
    i.MemManage_Handler                      0x080009ac   Section        0  stm32f10x_it.o(i.MemManage_Handler)
    i.My_Delay_Ms                            0x080009b0   Section        0  my_delay.o(i.My_Delay_Ms)
    i.My_Delay_Us                            0x080009c8   Section        0  my_delay.o(i.My_Delay_Us)
    i.My_EXTI_Init                           0x080009f6   Section        0  my_exti.o(i.My_EXTI_Init)
    i.My_GPIO_All_Init                       0x08000a24   Section        0  my_gpio.o(i.My_GPIO_All_Init)
    i.My_GPIO_Init                           0x08000a54   Section        0  my_gpio.o(i.My_GPIO_Init)
    i.My_HW_Init                             0x08000a94   Section        0  main.o(i.My_HW_Init)
    i.My_NVIC_All_Init                       0x08000afc   Section        0  my_nvic.o(i.My_NVIC_All_Init)
    i.My_NVIC_Init                           0x08000b3a   Section        0  my_nvic.o(i.My_NVIC_Init)
    i.My_Serial_Init                         0x08000b64   Section        0  my_serial.o(i.My_Serial_Init)
    i.My_Serial_SendByte                     0x08000bbc   Section        0  my_serial.o(i.My_Serial_SendByte)
    i.My_TIM_Base_Init                       0x08000be0   Section        0  my_tim.o(i.My_TIM_Base_Init)
    i.NMI_Handler                            0x08000c16   Section        0  stm32f10x_it.o(i.NMI_Handler)
    i.NVIC_Init                              0x08000c18   Section        0  misc.o(i.NVIC_Init)
    i.NVIC_PriorityGroupConfig               0x08000c88   Section        0  misc.o(i.NVIC_PriorityGroupConfig)
    i.OLED_Clear                             0x08000c9c   Section        0  hw_oled.o(i.OLED_Clear)
    i.OLED_Pow                               0x08000cc6   Section        0  hw_oled.o(i.OLED_Pow)
    i.OLED_SetCursor                         0x08000cda   Section        0  hw_oled.o(i.OLED_SetCursor)
    i.OLED_ShowChar                          0x08000cfc   Section        0  hw_oled.o(i.OLED_ShowChar)
    i.OLED_ShowNum                           0x08000d70   Section        0  hw_oled.o(i.OLED_ShowNum)
    i.OLED_ShowString                        0x08000db4   Section        0  hw_oled.o(i.OLED_ShowString)
    i.OLED_WriteCommand                      0x08000ddc   Section        0  hw_oled.o(i.OLED_WriteCommand)
    i.OLED_WriteData                         0x08000dfc   Section        0  hw_oled.o(i.OLED_WriteData)
    i.PendSV_Handler                         0x08000e24   Section        0  stm32f10x_it.o(i.PendSV_Handler)
    i.RCC_AHBPeriphClockCmd                  0x08000e28   Section        0  stm32f10x_rcc.o(i.RCC_AHBPeriphClockCmd)
    i.RCC_APB1PeriphClockCmd                 0x08000e48   Section        0  stm32f10x_rcc.o(i.RCC_APB1PeriphClockCmd)
    i.RCC_APB2PeriphClockCmd                 0x08000e68   Section        0  stm32f10x_rcc.o(i.RCC_APB2PeriphClockCmd)
    i.RCC_GetClocksFreq                      0x08000e88   Section        0  stm32f10x_rcc.o(i.RCC_GetClocksFreq)
    i.SVC_Handler                            0x08000f5c   Section        0  stm32f10x_it.o(i.SVC_Handler)
    i.SW_I2C_Read_Bit                        0x08000f5e   Section        0  sw_i2c.o(i.SW_I2C_Read_Bit)
    SW_I2C_Read_Bit                          0x08000f5f   Thumb Code    40  sw_i2c.o(i.SW_I2C_Read_Bit)
    i.SW_I2C_Start                           0x08000f86   Section        0  sw_i2c.o(i.SW_I2C_Start)
    SW_I2C_Start                             0x08000f87   Thumb Code    38  sw_i2c.o(i.SW_I2C_Start)
    i.SW_I2C_Stop                            0x08000fac   Section        0  sw_i2c.o(i.SW_I2C_Stop)
    SW_I2C_Stop                              0x08000fad   Thumb Code    30  sw_i2c.o(i.SW_I2C_Stop)
    i.SW_I2C_Write                           0x08000fca   Section        0  sw_i2c.o(i.SW_I2C_Write)
    i.SW_I2C_Write_Bit                       0x08001018   Section        0  sw_i2c.o(i.SW_I2C_Write_Bit)
    SW_I2C_Write_Bit                         0x08001019   Thumb Code    40  sw_i2c.o(i.SW_I2C_Write_Bit)
    i.SW_I2C_Write_Byte                      0x08001040   Section        0  sw_i2c.o(i.SW_I2C_Write_Byte)
    SW_I2C_Write_Byte                        0x08001041   Thumb Code    48  sw_i2c.o(i.SW_I2C_Write_Byte)
    i.SetSysClock                            0x08001070   Section        0  system_stm32f10x.o(i.SetSysClock)
    SetSysClock                              0x08001071   Thumb Code     8  system_stm32f10x.o(i.SetSysClock)
    i.SetSysClockTo72                        0x08001078   Section        0  system_stm32f10x.o(i.SetSysClockTo72)
    SetSysClockTo72                          0x08001079   Thumb Code   214  system_stm32f10x.o(i.SetSysClockTo72)
    i.SysTick_Handler                        0x08001158   Section        0  stm32f10x_it.o(i.SysTick_Handler)
    i.SystemInit                             0x0800115c   Section        0  system_stm32f10x.o(i.SystemInit)
    i.TIM3_IRQHandler                        0x080011bc   Section        0  hw_fd07_3.o(i.TIM3_IRQHandler)
    i.TIM4_IRQHandler                        0x080011d8   Section        0  hw_timestamp.o(i.TIM4_IRQHandler)
    i.TIM_ClearITPendingBit                  0x08001204   Section        0  stm32f10x_tim.o(i.TIM_ClearITPendingBit)
    i.TIM_Cmd                                0x0800120a   Section        0  stm32f10x_tim.o(i.TIM_Cmd)
    i.TIM_GetCounter                         0x08001222   Section        0  stm32f10x_tim.o(i.TIM_GetCounter)
    i.TIM_GetITStatus                        0x08001228   Section        0  stm32f10x_tim.o(i.TIM_GetITStatus)
    i.TIM_ITConfig                           0x0800124a   Section        0  stm32f10x_tim.o(i.TIM_ITConfig)
    i.TIM_InternalClockConfig                0x0800125c   Section        0  stm32f10x_tim.o(i.TIM_InternalClockConfig)
    i.TIM_SetCounter                         0x08001268   Section        0  stm32f10x_tim.o(i.TIM_SetCounter)
    i.TIM_TimeBaseInit                       0x0800126c   Section        0  stm32f10x_tim.o(i.TIM_TimeBaseInit)
    i.TIM_TimeBaseStructInit                 0x08001310   Section        0  stm32f10x_tim.o(i.TIM_TimeBaseStructInit)
    i.USART1_IRQHandler                      0x08001324   Section        0  my_serial.o(i.USART1_IRQHandler)
    i.USART_Cmd                              0x08001348   Section        0  stm32f10x_usart.o(i.USART_Cmd)
    i.USART_GetFlagStatus                    0x08001360   Section        0  stm32f10x_usart.o(i.USART_GetFlagStatus)
    i.USART_GetITStatus                      0x0800137a   Section        0  stm32f10x_usart.o(i.USART_GetITStatus)
    i.USART_ITConfig                         0x080013ce   Section        0  stm32f10x_usart.o(i.USART_ITConfig)
    i.USART_Init                             0x08001418   Section        0  stm32f10x_usart.o(i.USART_Init)
    i.USART_ReceiveData                      0x080014f0   Section        0  stm32f10x_usart.o(i.USART_ReceiveData)
    i.USART_SendData                         0x080014fa   Section        0  stm32f10x_usart.o(i.USART_SendData)
    i.UsageFault_Handler                     0x08001502   Section        0  stm32f10x_it.o(i.UsageFault_Handler)
    i.main                                   0x08001508   Section        0  main.o(i.main)
    i.scl_out                                0x0800155c   Section        0  my_i2c.o(i.scl_out)
    scl_out                                  0x0800155d   Thumb Code    56  my_i2c.o(i.scl_out)
    i.sda_in                                 0x08001598   Section        0  my_i2c.o(i.sda_in)
    sda_in                                   0x08001599   Thumb Code    42  my_i2c.o(i.sda_in)
    i.sda_out                                0x080015c8   Section        0  my_i2c.o(i.sda_out)
    sda_out                                  0x080015c9   Thumb Code    46  my_i2c.o(i.sda_out)
    .constdata                               0x080015fc   Section       48  main.o(.constdata)
    .constdata                               0x0800162c   Section       36  my_i2c.o(.constdata)
    .constdata                               0x08001650   Section     1520  hw_oled.o(.constdata)
    .constdata                               0x08001c40   Section       16  hw_fd07_3.o(.constdata)
    .data                                    0x20000000   Section        8  main.o(.data)
    .data                                    0x20000008   Section       20  stm32f10x_rcc.o(.data)
    APBAHBPrescTable                         0x20000008   Data          16  stm32f10x_rcc.o(.data)
    ADCPrescTable                            0x20000018   Data           4  stm32f10x_rcc.o(.data)
    .data                                    0x2000001c   Section       96  my_i2c.o(.data)
    .data                                    0x2000007c   Section        8  my_serial.o(.data)
    .data                                    0x20000084   Section       60  hw_signal.o(.data)
    .data                                    0x200000c0   Section       51  hw_fd07_3.o(.data)
    .bss                                     0x200000f4   Section       66  hw_fd07_3.o(.bss)
    .bss                                     0x20000138   Section       96  libspace.o(.bss)
    HEAP                                     0x20000198   Section      512  startup_stm32f10x_md.o(HEAP)
    Heap_Mem                                 0x20000198   Data         512  startup_stm32f10x_md.o(HEAP)
    STACK                                    0x20000398   Section     1024  startup_stm32f10x_md.o(STACK)
    Stack_Mem                                0x20000398   Data        1024  startup_stm32f10x_md.o(STACK)
    __initial_sp                             0x20000798   Data           0  startup_stm32f10x_md.o(STACK)

    Global Symbols

    Symbol Name                              Value     Ov Type        Size  Object(Section)

    BuildAttributes$$THM_ISAv4$P$D$K$B$S$PE$A:L22UL41UL21$X:L11$S22US41US21$IEEE1$IW$USESV6$~STKCKD$USESV7$~SHL$OTIME$ROPI$IEEEJ$EBA8$UX$STANDARDLIB$REQ8$PRES8$EABIv2 0x00000000   Number         0  anon$$obj.o ABSOLUTE
    __ARM_use_no_argv                        0x00000000   Number         0  main.o ABSOLUTE
    _printf_flags                            0x00000000   Number         0  printf_stubs.o ABSOLUTE
    _printf_return_value                     0x00000000   Number         0  printf_stubs.o ABSOLUTE
    _printf_sizespec                         0x00000000   Number         0  printf_stubs.o ABSOLUTE
    _printf_widthprec                        0x00000000   Number         0  printf_stubs.o ABSOLUTE
    __ARM_exceptions_init                     - Undefined Weak Reference
    __alloca_initialize                       - Undefined Weak Reference
    __arm_preinit_                            - Undefined Weak Reference
    __cpp_initialize__aeabi_                  - Undefined Weak Reference
    __cxa_finalize                            - Undefined Weak Reference
    __sigvec_lookup                           - Undefined Weak Reference
    _atexit_init                              - Undefined Weak Reference
    _call_atexit_fns                          - Undefined Weak Reference
    _clock_init                               - Undefined Weak Reference
    _fp_trap_init                             - Undefined Weak Reference
    _fp_trap_shutdown                         - Undefined Weak Reference
    _get_lc_collate                           - Undefined Weak Reference
    _get_lc_monetary                          - Undefined Weak Reference
    _get_lc_time                              - Undefined Weak Reference
    _getenv_init                              - Undefined Weak Reference
    _handle_redirection                       - Undefined Weak Reference
    _init_alloc                               - Undefined Weak Reference
    _init_user_alloc                          - Undefined Weak Reference
    _initio                                   - Undefined Weak Reference
    _printf_mbtowc                            - Undefined Weak Reference
    _printf_wc                                - Undefined Weak Reference
    _rand_init                                - Undefined Weak Reference
    _signal_finish                            - Undefined Weak Reference
    _signal_init                              - Undefined Weak Reference
    _terminate_alloc                          - Undefined Weak Reference
    _terminate_user_alloc                     - Undefined Weak Reference
    _terminateio                              - Undefined Weak Reference
    __Vectors_Size                           0x000000ec   Number         0  startup_stm32f10x_md.o ABSOLUTE
    __Vectors                                0x08000000   Data           4  startup_stm32f10x_md.o(RESET)
    __Vectors_End                            0x080000ec   Data           0  startup_stm32f10x_md.o(RESET)
    __main                                   0x080000ed   Thumb Code     8  __main.o(!!!main)
    __scatterload                            0x080000f5   Thumb Code     0  __scatter.o(!!!scatter)
    __scatterload_rt2                        0x080000f5   Thumb Code    44  __scatter.o(!!!scatter)
    __scatterload_rt2_thumb_only             0x080000f5   Thumb Code     0  __scatter.o(!!!scatter)
    __scatterload_null                       0x08000103   Thumb Code     0  __scatter.o(!!!scatter)
    __scatterload_copy                       0x08000129   Thumb Code    26  __scatter_copy.o(!!handler_copy)
    __scatterload_zeroinit                   0x08000145   Thumb Code    28  __scatter_zi.o(!!handler_zi)
    __rt_lib_init                            0x08000161   Thumb Code     0  libinit.o(.ARM.Collect$$libinit$$00000000)
    __rt_lib_init_alloca_1                   0x08000163   Thumb Code     0  libinit2.o(.ARM.Collect$$libinit$$0000002E)
    __rt_lib_init_argv_1                     0x08000163   Thumb Code     0  libinit2.o(.ARM.Collect$$libinit$$0000002C)
    __rt_lib_init_atexit_1                   0x08000163   Thumb Code     0  libinit2.o(.ARM.Collect$$libinit$$0000001B)
    __rt_lib_init_clock_1                    0x08000163   Thumb Code     0  libinit2.o(.ARM.Collect$$libinit$$00000021)
    __rt_lib_init_cpp_1                      0x08000163   Thumb Code     0  libinit2.o(.ARM.Collect$$libinit$$00000032)
    __rt_lib_init_exceptions_1               0x08000163   Thumb Code     0  libinit2.o(.ARM.Collect$$libinit$$00000030)
    __rt_lib_init_fp_1                       0x08000163   Thumb Code     0  libinit2.o(.ARM.Collect$$libinit$$00000002)
    __rt_lib_init_fp_trap_1                  0x08000163   Thumb Code     0  libinit2.o(.ARM.Collect$$libinit$$0000001F)
    __rt_lib_init_getenv_1                   0x08000163   Thumb Code     0  libinit2.o(.ARM.Collect$$libinit$$00000023)
    __rt_lib_init_heap_1                     0x08000163   Thumb Code     0  libinit2.o(.ARM.Collect$$libinit$$0000000A)
    __rt_lib_init_lc_collate_1               0x08000163   Thumb Code     0  libinit2.o(.ARM.Collect$$libinit$$00000011)
    __rt_lib_init_lc_ctype_1                 0x08000163   Thumb Code     0  libinit2.o(.ARM.Collect$$libinit$$00000013)
    __rt_lib_init_lc_monetary_1              0x08000163   Thumb Code     0  libinit2.o(.ARM.Collect$$libinit$$00000015)
    __rt_lib_init_lc_numeric_1               0x08000163   Thumb Code     0  libinit2.o(.ARM.Collect$$libinit$$00000017)
    __rt_lib_init_lc_time_1                  0x08000163   Thumb Code     0  libinit2.o(.ARM.Collect$$libinit$$00000019)
    __rt_lib_init_preinit_1                  0x08000163   Thumb Code     0  libinit2.o(.ARM.Collect$$libinit$$00000004)
    __rt_lib_init_rand_1                     0x08000163   Thumb Code     0  libinit2.o(.ARM.Collect$$libinit$$0000000E)
    __rt_lib_init_return                     0x08000163   Thumb Code     0  libinit2.o(.ARM.Collect$$libinit$$00000033)
    __rt_lib_init_signal_1                   0x08000163   Thumb Code     0  libinit2.o(.ARM.Collect$$libinit$$0000001D)
    __rt_lib_init_stdio_1                    0x08000163   Thumb Code     0  libinit2.o(.ARM.Collect$$libinit$$00000025)
    __rt_lib_init_user_alloc_1               0x08000163   Thumb Code     0  libinit2.o(.ARM.Collect$$libinit$$0000000C)
    __rt_lib_shutdown                        0x08000165   Thumb Code     0  libshutdown.o(.ARM.Collect$$libshutdown$$00000000)
    __rt_lib_shutdown_cpp_1                  0x08000167   Thumb Code     0  libshutdown2.o(.ARM.Collect$$libshutdown$$00000002)
    __rt_lib_shutdown_fp_trap_1              0x08000167   Thumb Code     0  libshutdown2.o(.ARM.Collect$$libshutdown$$00000007)
    __rt_lib_shutdown_heap_1                 0x08000167   Thumb Code     0  libshutdown2.o(.ARM.Collect$$libshutdown$$0000000F)
    __rt_lib_shutdown_return                 0x08000167   Thumb Code     0  libshutdown2.o(.ARM.Collect$$libshutdown$$00000010)
    __rt_lib_shutdown_signal_1               0x08000167   Thumb Code     0  libshutdown2.o(.ARM.Collect$$libshutdown$$0000000A)
    __rt_lib_shutdown_stdio_1                0x08000167   Thumb Code     0  libshutdown2.o(.ARM.Collect$$libshutdown$$00000004)
    __rt_lib_shutdown_user_alloc_1           0x08000167   Thumb Code     0  libshutdown2.o(.ARM.Collect$$libshutdown$$0000000C)
    __rt_entry                               0x08000169   Thumb Code     0  __rtentry.o(.ARM.Collect$$rtentry$$00000000)
    __rt_entry_presh_1                       0x08000169   Thumb Code     0  __rtentry2.o(.ARM.Collect$$rtentry$$00000002)
    __rt_entry_sh                            0x08000169   Thumb Code     0  __rtentry4.o(.ARM.Collect$$rtentry$$00000004)
    __rt_entry_li                            0x0800016f   Thumb Code     0  __rtentry2.o(.ARM.Collect$$rtentry$$0000000A)
    __rt_entry_postsh_1                      0x0800016f   Thumb Code     0  __rtentry2.o(.ARM.Collect$$rtentry$$00000009)
    __rt_entry_main                          0x08000173   Thumb Code     0  __rtentry2.o(.ARM.Collect$$rtentry$$0000000D)
    __rt_entry_postli_1                      0x08000173   Thumb Code     0  __rtentry2.o(.ARM.Collect$$rtentry$$0000000C)
    __rt_exit                                0x0800017b   Thumb Code     0  rtexit.o(.ARM.Collect$$rtexit$$00000000)
    __rt_exit_ls                             0x0800017d   Thumb Code     0  rtexit2.o(.ARM.Collect$$rtexit$$00000003)
    __rt_exit_prels_1                        0x0800017d   Thumb Code     0  rtexit2.o(.ARM.Collect$$rtexit$$00000002)
    __rt_exit_exit                           0x08000181   Thumb Code     0  rtexit2.o(.ARM.Collect$$rtexit$$00000004)
    Reset_Handler                            0x08000189   Thumb Code     8  startup_stm32f10x_md.o(.text)
    ADC1_2_IRQHandler                        0x080001a3   Thumb Code     0  startup_stm32f10x_md.o(.text)
    CAN1_RX1_IRQHandler                      0x080001a3   Thumb Code     0  startup_stm32f10x_md.o(.text)
    CAN1_SCE_IRQHandler                      0x080001a3   Thumb Code     0  startup_stm32f10x_md.o(.text)
    DMA1_Channel1_IRQHandler                 0x080001a3   Thumb Code     0  startup_stm32f10x_md.o(.text)
    DMA1_Channel2_IRQHandler                 0x080001a3   Thumb Code     0  startup_stm32f10x_md.o(.text)
    DMA1_Channel3_IRQHandler                 0x080001a3   Thumb Code     0  startup_stm32f10x_md.o(.text)
    DMA1_Channel4_IRQHandler                 0x080001a3   Thumb Code     0  startup_stm32f10x_md.o(.text)
    DMA1_Channel5_IRQHandler                 0x080001a3   Thumb Code     0  startup_stm32f10x_md.o(.text)
    DMA1_Channel6_IRQHandler                 0x080001a3   Thumb Code     0  startup_stm32f10x_md.o(.text)
    DMA1_Channel7_IRQHandler                 0x080001a3   Thumb Code     0  startup_stm32f10x_md.o(.text)
    EXTI0_IRQHandler                         0x080001a3   Thumb Code     0  startup_stm32f10x_md.o(.text)
    EXTI1_IRQHandler                         0x080001a3   Thumb Code     0  startup_stm32f10x_md.o(.text)
    EXTI2_IRQHandler                         0x080001a3   Thumb Code     0  startup_stm32f10x_md.o(.text)
    EXTI3_IRQHandler                         0x080001a3   Thumb Code     0  startup_stm32f10x_md.o(.text)
    EXTI4_IRQHandler                         0x080001a3   Thumb Code     0  startup_stm32f10x_md.o(.text)
    EXTI9_5_IRQHandler                       0x080001a3   Thumb Code     0  startup_stm32f10x_md.o(.text)
    FLASH_IRQHandler                         0x080001a3   Thumb Code     0  startup_stm32f10x_md.o(.text)
    I2C1_ER_IRQHandler                       0x080001a3   Thumb Code     0  startup_stm32f10x_md.o(.text)
    I2C1_EV_IRQHandler                       0x080001a3   Thumb Code     0  startup_stm32f10x_md.o(.text)
    I2C2_ER_IRQHandler                       0x080001a3   Thumb Code     0  startup_stm32f10x_md.o(.text)
    I2C2_EV_IRQHandler                       0x080001a3   Thumb Code     0  startup_stm32f10x_md.o(.text)
    PVD_IRQHandler                           0x080001a3   Thumb Code     0  startup_stm32f10x_md.o(.text)
    RCC_IRQHandler                           0x080001a3   Thumb Code     0  startup_stm32f10x_md.o(.text)
    RTCAlarm_IRQHandler                      0x080001a3   Thumb Code     0  startup_stm32f10x_md.o(.text)
    RTC_IRQHandler                           0x080001a3   Thumb Code     0  startup_stm32f10x_md.o(.text)
    SPI1_IRQHandler                          0x080001a3   Thumb Code     0  startup_stm32f10x_md.o(.text)
    SPI2_IRQHandler                          0x080001a3   Thumb Code     0  startup_stm32f10x_md.o(.text)
    TAMPER_IRQHandler                        0x080001a3   Thumb Code     0  startup_stm32f10x_md.o(.text)
    TIM1_BRK_IRQHandler                      0x080001a3   Thumb Code     0  startup_stm32f10x_md.o(.text)
    TIM1_CC_IRQHandler                       0x080001a3   Thumb Code     0  startup_stm32f10x_md.o(.text)
    TIM1_TRG_COM_IRQHandler                  0x080001a3   Thumb Code     0  startup_stm32f10x_md.o(.text)
    TIM1_UP_IRQHandler                       0x080001a3   Thumb Code     0  startup_stm32f10x_md.o(.text)
    TIM2_IRQHandler                          0x080001a3   Thumb Code     0  startup_stm32f10x_md.o(.text)
    USART2_IRQHandler                        0x080001a3   Thumb Code     0  startup_stm32f10x_md.o(.text)
    USART3_IRQHandler                        0x080001a3   Thumb Code     0  startup_stm32f10x_md.o(.text)
    USBWakeUp_IRQHandler                     0x080001a3   Thumb Code     0  startup_stm32f10x_md.o(.text)
    USB_HP_CAN1_TX_IRQHandler                0x080001a3   Thumb Code     0  startup_stm32f10x_md.o(.text)
    USB_LP_CAN1_RX0_IRQHandler               0x080001a3   Thumb Code     0  startup_stm32f10x_md.o(.text)
    WWDG_IRQHandler                          0x080001a3   Thumb Code     0  startup_stm32f10x_md.o(.text)
    __user_initial_stackheap                 0x080001a5   Thumb Code     0  startup_stm32f10x_md.o(.text)
    __aeabi_memcpy4                          0x080001c9   Thumb Code     0  rt_memcpy_w.o(.text)
    __aeabi_memcpy8                          0x080001c9   Thumb Code     0  rt_memcpy_w.o(.text)
    __rt_memcpy_w                            0x080001c9   Thumb Code   100  rt_memcpy_w.o(.text)
    _memcpy_lastbytes_aligned                0x08000211   Thumb Code     0  rt_memcpy_w.o(.text)
    __use_two_region_memory                  0x0800022d   Thumb Code     2  heapauxi.o(.text)
    __rt_heap_escrow$2region                 0x0800022f   Thumb Code     2  heapauxi.o(.text)
    __rt_heap_expand$2region                 0x08000231   Thumb Code     2  heapauxi.o(.text)
    __user_setup_stackheap                   0x08000233   Thumb Code    74  sys_stackheap_outer.o(.text)
    exit                                     0x0800027d   Thumb Code    18  exit.o(.text)
    __user_libspace                          0x08000291   Thumb Code     8  libspace.o(.text)
    __user_perproc_libspace                  0x08000291   Thumb Code     0  libspace.o(.text)
    __user_perthread_libspace                0x08000291   Thumb Code     0  libspace.o(.text)
    _sys_exit                                0x08000299   Thumb Code     8  sys_exit.o(.text)
    __I$use$semihosting                      0x080002a5   Thumb Code     0  use_no_semi.o(.text)
    __use_no_semihosting_swi                 0x080002a5   Thumb Code     2  use_no_semi.o(.text)
    BusFault_Handler                         0x080002a7   Thumb Code     4  stm32f10x_it.o(i.BusFault_Handler)
    __semihosting_library_function           0x080002a7   Thumb Code     0  indicate_semi.o(.text)
    DebugMon_Handler                         0x080002ab   Thumb Code     2  stm32f10x_it.o(i.DebugMon_Handler)
    EXTI15_10_IRQHandler                     0x080002ad   Thumb Code    94  hw_fd07_3.o(i.EXTI15_10_IRQHandler)
    EXTI_ClearITPendingBit                   0x08000321   Thumb Code     6  stm32f10x_exti.o(i.EXTI_ClearITPendingBit)
    EXTI_GetITStatus                         0x0800032d   Thumb Code    34  stm32f10x_exti.o(i.EXTI_GetITStatus)
    EXTI_Init                                0x08000355   Thumb Code   142  stm32f10x_exti.o(i.EXTI_Init)
    EXTI_StructInit                          0x080003e9   Thumb Code    16  stm32f10x_exti.o(i.EXTI_StructInit)
    FD07_3_Get_Dist                          0x080003f9   Thumb Code   122  hw_fd07_3.o(i.FD07_3_Get_Dist)
    FD07_3_Get_ITNum                         0x0800048d   Thumb Code    38  hw_fd07_3.o(i.FD07_3_Get_ITNum)
    FD07_3_Send_Data                         0x080004b5   Thumb Code    44  hw_fd07_3.o(i.FD07_3_Send_Data)
    FD07_3_Start                             0x080004e9   Thumb Code    30  hw_fd07_3.o(i.FD07_3_Start)
    Find_Median                              0x0800050d   Thumb Code    80  lowpass_filter.o(i.Find_Median)
    GPIO_EXTILineConfig                      0x0800055d   Thumb Code    60  stm32f10x_gpio.o(i.GPIO_EXTILineConfig)
    GPIO_Init                                0x0800059d   Thumb Code   278  stm32f10x_gpio.o(i.GPIO_Init)
    GPIO_PinRemapConfig                      0x080006b5   Thumb Code   138  stm32f10x_gpio.o(i.GPIO_PinRemapConfig)
    GPIO_ReadInputDataBit                    0x08000745   Thumb Code    18  stm32f10x_gpio.o(i.GPIO_ReadInputDataBit)
    GPIO_ResetBits                           0x08000757   Thumb Code     4  stm32f10x_gpio.o(i.GPIO_ResetBits)
    GPIO_SetBits                             0x0800075b   Thumb Code     4  stm32f10x_gpio.o(i.GPIO_SetBits)
    GPIO_StructInit                          0x0800075f   Thumb Code    16  stm32f10x_gpio.o(i.GPIO_StructInit)
    GPIO_WriteBit                            0x0800076f   Thumb Code    10  stm32f10x_gpio.o(i.GPIO_WriteBit)
    HW_FD07_3_Init                           0x08000779   Thumb Code    78  hw_fd07_3.o(i.HW_FD07_3_Init)
    HW_OLED_Init                             0x080007d9   Thumb Code   206  hw_oled.o(i.HW_OLED_Init)
    HW_OLED_Show                             0x080008d9   Thumb Code    88  hw_oled.o(i.HW_OLED_Show)
    HW_Signal_Init                           0x08000935   Thumb Code    18  hw_signal.o(i.HW_Signal_Init)
    HW_Signal_Off                            0x0800094d   Thumb Code    88  hw_signal.o(i.HW_Signal_Off)
    HardFault_Handler                        0x080009a9   Thumb Code     4  stm32f10x_it.o(i.HardFault_Handler)
    MemManage_Handler                        0x080009ad   Thumb Code     4  stm32f10x_it.o(i.MemManage_Handler)
    My_Delay_Ms                              0x080009b1   Thumb Code    24  my_delay.o(i.My_Delay_Ms)
    My_Delay_Us                              0x080009c9   Thumb Code    46  my_delay.o(i.My_Delay_Us)
    My_EXTI_Init                             0x080009f7   Thumb Code    46  my_exti.o(i.My_EXTI_Init)
    My_GPIO_All_Init                         0x08000a25   Thumb Code    48  my_gpio.o(i.My_GPIO_All_Init)
    My_GPIO_Init                             0x08000a55   Thumb Code    62  my_gpio.o(i.My_GPIO_Init)
    My_HW_Init                               0x08000a95   Thumb Code    92  main.o(i.My_HW_Init)
    My_NVIC_All_Init                         0x08000afd   Thumb Code    62  my_nvic.o(i.My_NVIC_All_Init)
    My_NVIC_Init                             0x08000b3b   Thumb Code    42  my_nvic.o(i.My_NVIC_Init)
    My_Serial_Init                           0x08000b65   Thumb Code    86  my_serial.o(i.My_Serial_Init)
    My_Serial_SendByte                       0x08000bbd   Thumb Code    30  my_serial.o(i.My_Serial_SendByte)
    My_TIM_Base_Init                         0x08000be1   Thumb Code    54  my_tim.o(i.My_TIM_Base_Init)
    NMI_Handler                              0x08000c17   Thumb Code     2  stm32f10x_it.o(i.NMI_Handler)
    NVIC_Init                                0x08000c19   Thumb Code   100  misc.o(i.NVIC_Init)
    NVIC_PriorityGroupConfig                 0x08000c89   Thumb Code    10  misc.o(i.NVIC_PriorityGroupConfig)
    OLED_Clear                               0x08000c9d   Thumb Code    42  hw_oled.o(i.OLED_Clear)
    OLED_Pow                                 0x08000cc7   Thumb Code    20  hw_oled.o(i.OLED_Pow)
    OLED_SetCursor                           0x08000cdb   Thumb Code    34  hw_oled.o(i.OLED_SetCursor)
    OLED_ShowChar                            0x08000cfd   Thumb Code   110  hw_oled.o(i.OLED_ShowChar)
    OLED_ShowNum                             0x08000d71   Thumb Code    68  hw_oled.o(i.OLED_ShowNum)
    OLED_ShowString                          0x08000db5   Thumb Code    40  hw_oled.o(i.OLED_ShowString)
    OLED_WriteCommand                        0x08000ddd   Thumb Code    28  hw_oled.o(i.OLED_WriteCommand)
    OLED_WriteData                           0x08000dfd   Thumb Code    30  hw_oled.o(i.OLED_WriteData)
    PendSV_Handler                           0x08000e25   Thumb Code     2  stm32f10x_it.o(i.PendSV_Handler)
    RCC_AHBPeriphClockCmd                    0x08000e29   Thumb Code    26  stm32f10x_rcc.o(i.RCC_AHBPeriphClockCmd)
    RCC_APB1PeriphClockCmd                   0x08000e49   Thumb Code    26  stm32f10x_rcc.o(i.RCC_APB1PeriphClockCmd)
    RCC_APB2PeriphClockCmd                   0x08000e69   Thumb Code    26  stm32f10x_rcc.o(i.RCC_APB2PeriphClockCmd)
    RCC_GetClocksFreq                        0x08000e89   Thumb Code   192  stm32f10x_rcc.o(i.RCC_GetClocksFreq)
    SVC_Handler                              0x08000f5d   Thumb Code     2  stm32f10x_it.o(i.SVC_Handler)
    SW_I2C_Write                             0x08000fcb   Thumb Code    78  sw_i2c.o(i.SW_I2C_Write)
    SysTick_Handler                          0x08001159   Thumb Code     2  stm32f10x_it.o(i.SysTick_Handler)
    SystemInit                               0x0800115d   Thumb Code    78  system_stm32f10x.o(i.SystemInit)
    TIM3_IRQHandler                          0x080011bd   Thumb Code    22  hw_fd07_3.o(i.TIM3_IRQHandler)
    TIM4_IRQHandler                          0x080011d9   Thumb Code    34  hw_timestamp.o(i.TIM4_IRQHandler)
    TIM_ClearITPendingBit                    0x08001205   Thumb Code     6  stm32f10x_tim.o(i.TIM_ClearITPendingBit)
    TIM_Cmd                                  0x0800120b   Thumb Code    24  stm32f10x_tim.o(i.TIM_Cmd)
    TIM_GetCounter                           0x08001223   Thumb Code     6  stm32f10x_tim.o(i.TIM_GetCounter)
    TIM_GetITStatus                          0x08001229   Thumb Code    34  stm32f10x_tim.o(i.TIM_GetITStatus)
    TIM_ITConfig                             0x0800124b   Thumb Code    18  stm32f10x_tim.o(i.TIM_ITConfig)
    TIM_InternalClockConfig                  0x0800125d   Thumb Code    12  stm32f10x_tim.o(i.TIM_InternalClockConfig)
    TIM_SetCounter                           0x08001269   Thumb Code     4  stm32f10x_tim.o(i.TIM_SetCounter)
    TIM_TimeBaseInit                         0x0800126d   Thumb Code   122  stm32f10x_tim.o(i.TIM_TimeBaseInit)
    TIM_TimeBaseStructInit                   0x08001311   Thumb Code    18  stm32f10x_tim.o(i.TIM_TimeBaseStructInit)
    USART1_IRQHandler                        0x08001325   Thumb Code    28  my_serial.o(i.USART1_IRQHandler)
    USART_Cmd                                0x08001349   Thumb Code    24  stm32f10x_usart.o(i.USART_Cmd)
    USART_GetFlagStatus                      0x08001361   Thumb Code    26  stm32f10x_usart.o(i.USART_GetFlagStatus)
    USART_GetITStatus                        0x0800137b   Thumb Code    84  stm32f10x_usart.o(i.USART_GetITStatus)
    USART_ITConfig                           0x080013cf   Thumb Code    74  stm32f10x_usart.o(i.USART_ITConfig)
    USART_Init                               0x08001419   Thumb Code   210  stm32f10x_usart.o(i.USART_Init)
    USART_ReceiveData                        0x080014f1   Thumb Code    10  stm32f10x_usart.o(i.USART_ReceiveData)
    USART_SendData                           0x080014fb   Thumb Code     8  stm32f10x_usart.o(i.USART_SendData)
    UsageFault_Handler                       0x08001503   Thumb Code     4  stm32f10x_it.o(i.UsageFault_Handler)
    main                                     0x08001509   Thumb Code    74  main.o(i.main)
    OLED_F8x16                               0x08001650   Data        1520  hw_oled.o(.constdata)
    Region$$Table$$Base                      0x08001c50   Number         0  anon$$obj.o(Region$$Table)
    Region$$Table$$Limit                     0x08001c70   Number         0  anon$$obj.o(Region$$Table)
    timestamp                                0x20000000   Data           8  main.o(.data)
    i2c1_gpio                                0x2000001c   Data          28  my_i2c.o(.data)
    sw_i2c1                                  0x20000038   Data          16  my_i2c.o(.data)
    oled_gpio                                0x20000048   Data          28  my_i2c.o(.data)
    sw_i2c_oled                              0x20000064   Data          16  my_i2c.o(.data)
    sw_i2c1_ptr                              0x20000074   Data           4  my_i2c.o(.data)
    sw_i2c_oled_ptr                          0x20000078   Data           4  my_i2c.o(.data)
    user_data_ptr                            0x2000007c   Data           4  my_serial.o(.data)
    rxbuff_index_head                        0x20000080   Data           1  my_serial.o(.data)
    rxBuff_index_tail                        0x20000081   Data           1  my_serial.o(.data)
    rx_data_offset                           0x20000082   Data           1  my_serial.o(.data)
    rx_data                                  0x20000083   Data           1  my_serial.o(.data)
    signal_gpio                              0x20000084   Data          60  hw_signal.o(.data)
    fd07_3_pin_E                             0x200000c0   Data          12  hw_fd07_3.o(.data)
    fd07_3_pin_T                             0x200000cc   Data          36  hw_fd07_3.o(.data)
    fd07_3_updateflag                        0x200000f0   Data           1  hw_fd07_3.o(.data)
    fd07_3_buffer_index                      0x200000f1   Data           1  hw_fd07_3.o(.data)
    fd07_3_send_flag                         0x200000f2   Data           1  hw_fd07_3.o(.data)
    fd07_3_start_time                        0x200000f4   Data          12  hw_fd07_3.o(.bss)
    fd07_3_end_time                          0x20000100   Data          12  hw_fd07_3.o(.bss)
    fd07_3_dist_buffer                       0x2000010c   Data          30  hw_fd07_3.o(.bss)
    fd07_3_dist                              0x2000012a   Data          12  hw_fd07_3.o(.bss)
    __libspace_start                         0x20000138   Data          96  libspace.o(.bss)
    __temporary_stack_top$libspace           0x20000198   Data           0  libspace.o(.bss)



==============================================================================

Memory Map of the image

  Image Entry point : 0x080000ed

  Load Region LR_IROM1 (Base: 0x08000000, Size: 0x00001d64, Max: 0x00010000, ABSOLUTE)

    Execution Region ER_IROM1 (Exec base: 0x08000000, Load base: 0x08000000, Size: 0x00001c70, Max: 0x00010000, ABSOLUTE)

    Exec Addr    Load Addr    Size         Type   Attr      Idx    E Section Name        Object

    0x08000000   0x08000000   0x000000ec   Data   RO           19    RESET               startup_stm32f10x_md.o
    0x080000ec   0x080000ec   0x00000008   Code   RO         4072  * !!!main             c_w.l(__main.o)
    0x080000f4   0x080000f4   0x00000034   Code   RO         4425    !!!scatter          c_w.l(__scatter.o)
    0x08000128   0x08000128   0x0000001a   Code   RO         4427    !!handler_copy      c_w.l(__scatter_copy.o)
    0x08000142   0x08000142   0x00000002   PAD
    0x08000144   0x08000144   0x0000001c   Code   RO         4429    !!handler_zi        c_w.l(__scatter_zi.o)
    0x08000160   0x08000160   0x00000002   Code   RO         4286    .ARM.Collect$$libinit$$00000000  c_w.l(libinit.o)
    0x08000162   0x08000162   0x00000000   Code   RO         4302    .ARM.Collect$$libinit$$00000002  c_w.l(libinit2.o)
    0x08000162   0x08000162   0x00000000   Code   RO         4304    .ARM.Collect$$libinit$$00000004  c_w.l(libinit2.o)
    0x08000162   0x08000162   0x00000000   Code   RO         4307    .ARM.Collect$$libinit$$0000000A  c_w.l(libinit2.o)
    0x08000162   0x08000162   0x00000000   Code   RO         4309    .ARM.Collect$$libinit$$0000000C  c_w.l(libinit2.o)
    0x08000162   0x08000162   0x00000000   Code   RO         4311    .ARM.Collect$$libinit$$0000000E  c_w.l(libinit2.o)
    0x08000162   0x08000162   0x00000000   Code   RO         4314    .ARM.Collect$$libinit$$00000011  c_w.l(libinit2.o)
    0x08000162   0x08000162   0x00000000   Code   RO         4316    .ARM.Collect$$libinit$$00000013  c_w.l(libinit2.o)
    0x08000162   0x08000162   0x00000000   Code   RO         4318    .ARM.Collect$$libinit$$00000015  c_w.l(libinit2.o)
    0x08000162   0x08000162   0x00000000   Code   RO         4320    .ARM.Collect$$libinit$$00000017  c_w.l(libinit2.o)
    0x08000162   0x08000162   0x00000000   Code   RO         4322    .ARM.Collect$$libinit$$00000019  c_w.l(libinit2.o)
    0x08000162   0x08000162   0x00000000   Code   RO         4324    .ARM.Collect$$libinit$$0000001B  c_w.l(libinit2.o)
    0x08000162   0x08000162   0x00000000   Code   RO         4326    .ARM.Collect$$libinit$$0000001D  c_w.l(libinit2.o)
    0x08000162   0x08000162   0x00000000   Code   RO         4328    .ARM.Collect$$libinit$$0000001F  c_w.l(libinit2.o)
    0x08000162   0x08000162   0x00000000   Code   RO         4330    .ARM.Collect$$libinit$$00000021  c_w.l(libinit2.o)
    0x08000162   0x08000162   0x00000000   Code   RO         4332    .ARM.Collect$$libinit$$00000023  c_w.l(libinit2.o)
    0x08000162   0x08000162   0x00000000   Code   RO         4334    .ARM.Collect$$libinit$$00000025  c_w.l(libinit2.o)
    0x08000162   0x08000162   0x00000000   Code   RO         4338    .ARM.Collect$$libinit$$0000002C  c_w.l(libinit2.o)
    0x08000162   0x08000162   0x00000000   Code   RO         4340    .ARM.Collect$$libinit$$0000002E  c_w.l(libinit2.o)
    0x08000162   0x08000162   0x00000000   Code   RO         4342    .ARM.Collect$$libinit$$00000030  c_w.l(libinit2.o)
    0x08000162   0x08000162   0x00000000   Code   RO         4344    .ARM.Collect$$libinit$$00000032  c_w.l(libinit2.o)
    0x08000162   0x08000162   0x00000002   Code   RO         4345    .ARM.Collect$$libinit$$00000033  c_w.l(libinit2.o)
    0x08000164   0x08000164   0x00000002   Code   RO         4365    .ARM.Collect$$libshutdown$$00000000  c_w.l(libshutdown.o)
    0x08000166   0x08000166   0x00000000   Code   RO         4378    .ARM.Collect$$libshutdown$$00000002  c_w.l(libshutdown2.o)
    0x08000166   0x08000166   0x00000000   Code   RO         4380    .ARM.Collect$$libshutdown$$00000004  c_w.l(libshutdown2.o)
    0x08000166   0x08000166   0x00000000   Code   RO         4383    .ARM.Collect$$libshutdown$$00000007  c_w.l(libshutdown2.o)
    0x08000166   0x08000166   0x00000000   Code   RO         4386    .ARM.Collect$$libshutdown$$0000000A  c_w.l(libshutdown2.o)
    0x08000166   0x08000166   0x00000000   Code   RO         4388    .ARM.Collect$$libshutdown$$0000000C  c_w.l(libshutdown2.o)
    0x08000166   0x08000166   0x00000000   Code   RO         4391    .ARM.Collect$$libshutdown$$0000000F  c_w.l(libshutdown2.o)
    0x08000166   0x08000166   0x00000002   Code   RO         4392    .ARM.Collect$$libshutdown$$00000010  c_w.l(libshutdown2.o)
    0x08000168   0x08000168   0x00000000   Code   RO         4098    .ARM.Collect$$rtentry$$00000000  c_w.l(__rtentry.o)
    0x08000168   0x08000168   0x00000000   Code   RO         4206    .ARM.Collect$$rtentry$$00000002  c_w.l(__rtentry2.o)
    0x08000168   0x08000168   0x00000006   Code   RO         4218    .ARM.Collect$$rtentry$$00000004  c_w.l(__rtentry4.o)
    0x0800016e   0x0800016e   0x00000000   Code   RO         4208    .ARM.Collect$$rtentry$$00000009  c_w.l(__rtentry2.o)
    0x0800016e   0x0800016e   0x00000004   Code   RO         4209    .ARM.Collect$$rtentry$$0000000A  c_w.l(__rtentry2.o)
    0x08000172   0x08000172   0x00000000   Code   RO         4211    .ARM.Collect$$rtentry$$0000000C  c_w.l(__rtentry2.o)
    0x08000172   0x08000172   0x00000008   Code   RO         4212    .ARM.Collect$$rtentry$$0000000D  c_w.l(__rtentry2.o)
    0x0800017a   0x0800017a   0x00000002   Code   RO         4294    .ARM.Collect$$rtexit$$00000000  c_w.l(rtexit.o)
    0x0800017c   0x0800017c   0x00000000   Code   RO         4347    .ARM.Collect$$rtexit$$00000002  c_w.l(rtexit2.o)
    0x0800017c   0x0800017c   0x00000004   Code   RO         4348    .ARM.Collect$$rtexit$$00000003  c_w.l(rtexit2.o)
    0x08000180   0x08000180   0x00000006   Code   RO         4349    .ARM.Collect$$rtexit$$00000004  c_w.l(rtexit2.o)
    0x08000186   0x08000186   0x00000002   PAD
    0x08000188   0x08000188   0x00000040   Code   RO           20    .text               startup_stm32f10x_md.o
    0x080001c8   0x080001c8   0x00000064   Code   RO         4066    .text               c_w.l(rt_memcpy_w.o)
    0x0800022c   0x0800022c   0x00000006   Code   RO         4070    .text               c_w.l(heapauxi.o)
    0x08000232   0x08000232   0x0000004a   Code   RO         4240    .text               c_w.l(sys_stackheap_outer.o)
    0x0800027c   0x0800027c   0x00000012   Code   RO         4279    .text               c_w.l(exit.o)
    0x0800028e   0x0800028e   0x00000002   PAD
    0x08000290   0x08000290   0x00000008   Code   RO         4291    .text               c_w.l(libspace.o)
    0x08000298   0x08000298   0x0000000c   Code   RO         4357    .text               c_w.l(sys_exit.o)
    0x080002a4   0x080002a4   0x00000002   Code   RO         4368    .text               c_w.l(use_no_semi.o)
    0x080002a6   0x080002a6   0x00000000   Code   RO         4370    .text               c_w.l(indicate_semi.o)
    0x080002a6   0x080002a6   0x00000004   Code   RO          242    i.BusFault_Handler  stm32f10x_it.o
    0x080002aa   0x080002aa   0x00000002   Code   RO          243    i.DebugMon_Handler  stm32f10x_it.o
    0x080002ac   0x080002ac   0x00000074   Code   RO         3843    i.EXTI15_10_IRQHandler  hw_fd07_3.o
    0x08000320   0x08000320   0x0000000c   Code   RO         1130    i.EXTI_ClearITPendingBit  stm32f10x_exti.o
    0x0800032c   0x0800032c   0x00000028   Code   RO         1134    i.EXTI_GetITStatus  stm32f10x_exti.o
    0x08000354   0x08000354   0x00000094   Code   RO         1135    i.EXTI_Init         stm32f10x_exti.o
    0x080003e8   0x080003e8   0x00000010   Code   RO         1136    i.EXTI_StructInit   stm32f10x_exti.o
    0x080003f8   0x080003f8   0x00000094   Code   RO         3844    i.FD07_3_Get_Dist   hw_fd07_3.o
    0x0800048c   0x0800048c   0x00000026   Code   RO         3845    i.FD07_3_Get_ITNum  hw_fd07_3.o
    0x080004b2   0x080004b2   0x00000002   PAD
    0x080004b4   0x080004b4   0x00000034   Code   RO         3846    i.FD07_3_Send_Data  hw_fd07_3.o
    0x080004e8   0x080004e8   0x00000024   Code   RO         3847    i.FD07_3_Start      hw_fd07_3.o
    0x0800050c   0x0800050c   0x00000050   Code   RO         3951    i.Find_Median       lowpass_filter.o
    0x0800055c   0x0800055c   0x00000040   Code   RO         1489    i.GPIO_EXTILineConfig  stm32f10x_gpio.o
    0x0800059c   0x0800059c   0x00000116   Code   RO         1492    i.GPIO_Init         stm32f10x_gpio.o
    0x080006b2   0x080006b2   0x00000002   PAD
    0x080006b4   0x080006b4   0x00000090   Code   RO         1494    i.GPIO_PinRemapConfig  stm32f10x_gpio.o
    0x08000744   0x08000744   0x00000012   Code   RO         1496    i.GPIO_ReadInputDataBit  stm32f10x_gpio.o
    0x08000756   0x08000756   0x00000004   Code   RO         1499    i.GPIO_ResetBits    stm32f10x_gpio.o
    0x0800075a   0x0800075a   0x00000004   Code   RO         1500    i.GPIO_SetBits      stm32f10x_gpio.o
    0x0800075e   0x0800075e   0x00000010   Code   RO         1501    i.GPIO_StructInit   stm32f10x_gpio.o
    0x0800076e   0x0800076e   0x0000000a   Code   RO         1503    i.GPIO_WriteBit     stm32f10x_gpio.o
    0x08000778   0x08000778   0x00000060   Code   RO         3848    i.HW_FD07_3_Init    hw_fd07_3.o
    0x080007d8   0x080007d8   0x00000100   Code   RO         3677    i.HW_OLED_Init      hw_oled.o
    0x080008d8   0x080008d8   0x0000005c   Code   RO         3678    i.HW_OLED_Show      hw_oled.o
    0x08000934   0x08000934   0x00000018   Code   RO         3784    i.HW_Signal_Init    hw_signal.o
    0x0800094c   0x0800094c   0x0000005c   Code   RO         3785    i.HW_Signal_Off     hw_signal.o
    0x080009a8   0x080009a8   0x00000004   Code   RO          244    i.HardFault_Handler  stm32f10x_it.o
    0x080009ac   0x080009ac   0x00000004   Code   RO          245    i.MemManage_Handler  stm32f10x_it.o
    0x080009b0   0x080009b0   0x00000018   Code   RO         3365    i.My_Delay_Ms       my_delay.o
    0x080009c8   0x080009c8   0x0000002e   Code   RO         3367    i.My_Delay_Us       my_delay.o
    0x080009f6   0x080009f6   0x0000002e   Code   RO         3404    i.My_EXTI_Init      my_exti.o
    0x08000a24   0x08000a24   0x00000030   Code   RO         3419    i.My_GPIO_All_Init  my_gpio.o
    0x08000a54   0x08000a54   0x0000003e   Code   RO         3420    i.My_GPIO_Init      my_gpio.o
    0x08000a92   0x08000a92   0x00000002   PAD
    0x08000a94   0x08000a94   0x00000068   Code   RO          137    i.My_HW_Init        main.o
    0x08000afc   0x08000afc   0x0000003e   Code   RO         3474    i.My_NVIC_All_Init  my_nvic.o
    0x08000b3a   0x08000b3a   0x0000002a   Code   RO         3475    i.My_NVIC_Init      my_nvic.o
    0x08000b64   0x08000b64   0x00000056   Code   RO         3496    i.My_Serial_Init    my_serial.o
    0x08000bba   0x08000bba   0x00000002   PAD
    0x08000bbc   0x08000bbc   0x00000024   Code   RO         3497    i.My_Serial_SendByte  my_serial.o
    0x08000be0   0x08000be0   0x00000036   Code   RO         3557    i.My_TIM_Base_Init  my_tim.o
    0x08000c16   0x08000c16   0x00000002   Code   RO          246    i.NMI_Handler       stm32f10x_it.o
    0x08000c18   0x08000c18   0x00000070   Code   RO          305    i.NVIC_Init         misc.o
    0x08000c88   0x08000c88   0x00000014   Code   RO          306    i.NVIC_PriorityGroupConfig  misc.o
    0x08000c9c   0x08000c9c   0x0000002a   Code   RO         3679    i.OLED_Clear        hw_oled.o
    0x08000cc6   0x08000cc6   0x00000014   Code   RO         3681    i.OLED_Pow          hw_oled.o
    0x08000cda   0x08000cda   0x00000022   Code   RO         3682    i.OLED_SetCursor    hw_oled.o
    0x08000cfc   0x08000cfc   0x00000074   Code   RO         3684    i.OLED_ShowChar     hw_oled.o
    0x08000d70   0x08000d70   0x00000044   Code   RO         3687    i.OLED_ShowNum      hw_oled.o
    0x08000db4   0x08000db4   0x00000028   Code   RO         3689    i.OLED_ShowString   hw_oled.o
    0x08000ddc   0x08000ddc   0x00000020   Code   RO         3690    i.OLED_WriteCommand  hw_oled.o
    0x08000dfc   0x08000dfc   0x00000028   Code   RO         3691    i.OLED_WriteData    hw_oled.o
    0x08000e24   0x08000e24   0x00000002   Code   RO          247    i.PendSV_Handler    stm32f10x_it.o
    0x08000e26   0x08000e26   0x00000002   PAD
    0x08000e28   0x08000e28   0x00000020   Code   RO         1919    i.RCC_AHBPeriphClockCmd  stm32f10x_rcc.o
    0x08000e48   0x08000e48   0x00000020   Code   RO         1920    i.RCC_APB1PeriphClockCmd  stm32f10x_rcc.o
    0x08000e68   0x08000e68   0x00000020   Code   RO         1922    i.RCC_APB2PeriphClockCmd  stm32f10x_rcc.o
    0x08000e88   0x08000e88   0x000000d4   Code   RO         1930    i.RCC_GetClocksFreq  stm32f10x_rcc.o
    0x08000f5c   0x08000f5c   0x00000002   Code   RO          248    i.SVC_Handler       stm32f10x_it.o
    0x08000f5e   0x08000f5e   0x00000028   Code   RO         3997    i.SW_I2C_Read_Bit   sw_i2c.o
    0x08000f86   0x08000f86   0x00000026   Code   RO         4002    i.SW_I2C_Start      sw_i2c.o
    0x08000fac   0x08000fac   0x0000001e   Code   RO         4003    i.SW_I2C_Stop       sw_i2c.o
    0x08000fca   0x08000fca   0x0000004e   Code   RO         4004    i.SW_I2C_Write      sw_i2c.o
    0x08001018   0x08001018   0x00000028   Code   RO         4005    i.SW_I2C_Write_Bit  sw_i2c.o
    0x08001040   0x08001040   0x00000030   Code   RO         4006    i.SW_I2C_Write_Byte  sw_i2c.o
    0x08001070   0x08001070   0x00000008   Code   RO           24    i.SetSysClock       system_stm32f10x.o
    0x08001078   0x08001078   0x000000e0   Code   RO           25    i.SetSysClockTo72   system_stm32f10x.o
    0x08001158   0x08001158   0x00000002   Code   RO          249    i.SysTick_Handler   stm32f10x_it.o
    0x0800115a   0x0800115a   0x00000002   PAD
    0x0800115c   0x0800115c   0x00000060   Code   RO           27    i.SystemInit        system_stm32f10x.o
    0x080011bc   0x080011bc   0x0000001c   Code   RO         3849    i.TIM3_IRQHandler   hw_fd07_3.o
    0x080011d8   0x080011d8   0x0000002c   Code   RO         3821    i.TIM4_IRQHandler   hw_timestamp.o
    0x08001204   0x08001204   0x00000006   Code   RO         2561    i.TIM_ClearITPendingBit  stm32f10x_tim.o
    0x0800120a   0x0800120a   0x00000018   Code   RO         2566    i.TIM_Cmd           stm32f10x_tim.o
    0x08001222   0x08001222   0x00000006   Code   RO         2585    i.TIM_GetCounter    stm32f10x_tim.o
    0x08001228   0x08001228   0x00000022   Code   RO         2587    i.TIM_GetITStatus   stm32f10x_tim.o
    0x0800124a   0x0800124a   0x00000012   Code   RO         2591    i.TIM_ITConfig      stm32f10x_tim.o
    0x0800125c   0x0800125c   0x0000000c   Code   RO         2593    i.TIM_InternalClockConfig  stm32f10x_tim.o
    0x08001268   0x08001268   0x00000004   Code   RO         2631    i.TIM_SetCounter    stm32f10x_tim.o
    0x0800126c   0x0800126c   0x000000a4   Code   RO         2637    i.TIM_TimeBaseInit  stm32f10x_tim.o
    0x08001310   0x08001310   0x00000012   Code   RO         2638    i.TIM_TimeBaseStructInit  stm32f10x_tim.o
    0x08001322   0x08001322   0x00000002   PAD
    0x08001324   0x08001324   0x00000024   Code   RO         3501    i.USART1_IRQHandler  my_serial.o
    0x08001348   0x08001348   0x00000018   Code   RO         3105    i.USART_Cmd         stm32f10x_usart.o
    0x08001360   0x08001360   0x0000001a   Code   RO         3108    i.USART_GetFlagStatus  stm32f10x_usart.o
    0x0800137a   0x0800137a   0x00000054   Code   RO         3109    i.USART_GetITStatus  stm32f10x_usart.o
    0x080013ce   0x080013ce   0x0000004a   Code   RO         3111    i.USART_ITConfig    stm32f10x_usart.o
    0x08001418   0x08001418   0x000000d8   Code   RO         3112    i.USART_Init        stm32f10x_usart.o
    0x080014f0   0x080014f0   0x0000000a   Code   RO         3119    i.USART_ReceiveData  stm32f10x_usart.o
    0x080014fa   0x080014fa   0x00000008   Code   RO         3122    i.USART_SendData    stm32f10x_usart.o
    0x08001502   0x08001502   0x00000004   Code   RO          250    i.UsageFault_Handler  stm32f10x_it.o
    0x08001506   0x08001506   0x00000002   PAD
    0x08001508   0x08001508   0x00000054   Code   RO          138    i.main              main.o
    0x0800155c   0x0800155c   0x0000003c   Code   RO         3440    i.scl_out           my_i2c.o
    0x08001598   0x08001598   0x00000030   Code   RO         3441    i.sda_in            my_i2c.o
    0x080015c8   0x080015c8   0x00000034   Code   RO         3442    i.sda_out           my_i2c.o
    0x080015fc   0x080015fc   0x00000030   Data   RO          139    .constdata          main.o
    0x0800162c   0x0800162c   0x00000024   Data   RO         3443    .constdata          my_i2c.o
    0x08001650   0x08001650   0x000005f0   Data   RO         3692    .constdata          hw_oled.o
    0x08001c40   0x08001c40   0x00000010   Data   RO         3851    .constdata          hw_fd07_3.o
    0x08001c50   0x08001c50   0x00000020   Data   RO         4423    Region$$Table       anon$$obj.o


    Execution Region RW_IRAM1 (Exec base: 0x20000000, Load base: 0x08001c70, Size: 0x00000798, Max: 0x00005000, ABSOLUTE)

    Exec Addr    Load Addr    Size         Type   Attr      Idx    E Section Name        Object

    0x20000000   0x08001c70   0x00000008   Data   RW          140    .data               main.o
    0x20000008   0x08001c78   0x00000014   Data   RW         1950    .data               stm32f10x_rcc.o
    0x2000001c   0x08001c8c   0x00000060   Data   RW         3444    .data               my_i2c.o
    0x2000007c   0x08001cec   0x00000008   Data   RW         3503    .data               my_serial.o
    0x20000084   0x08001cf4   0x0000003c   Data   RW         3788    .data               hw_signal.o
    0x200000c0   0x08001d30   0x00000033   Data   RW         3852    .data               hw_fd07_3.o
    0x200000f3   0x08001d63   0x00000001   PAD
    0x200000f4        -       0x00000042   Zero   RW         3850    .bss                hw_fd07_3.o
    0x20000136   0x08001d63   0x00000002   PAD
    0x20000138        -       0x00000060   Zero   RW         4292    .bss                c_w.l(libspace.o)
    0x20000198        -       0x00000200   Zero   RW           18    HEAP                startup_stm32f10x_md.o
    0x20000398        -       0x00000400   Zero   RW           17    STACK               startup_stm32f10x_md.o


==============================================================================

Image component sizes


      Code (inc. data)   RO Data    RW Data    ZI Data      Debug   Object Name

         0          0          0          0          0       4556   core_cm3.o
       514         86         16         51         66       4613   hw_fd07_3.o
         0          0          0          0          0       1932   hw_key.o
       740         74       1520          0          0       6026   hw_oled.o
       116         10          0         60          0       2115   hw_signal.o
        44         10          0          0          0        450   hw_timestamp.o
        80          0          0          0          0       1118   lowpass_filter.o
       188         22         48          8          0     214908   main.o
       132         22          0          0          0       3107   misc.o
        70          0          0          0          0        960   my_delay.o
        46          0          0          0          0       1503   my_exti.o
       110          0          0          0          0       3526   my_gpio.o
       160         16         36         96          0       5034   my_i2c.o
       104          0          0          0          0       2034   my_nvic.o
       158         14          0          8          0       3346   my_serial.o
        54          0          0          0          0       1235   my_tim.o
        64         26        236          0       1536        772   startup_stm32f10x_md.o
       216         18          0          0          0       4586   stm32f10x_exti.o
       538         10          0          0          0      14138   stm32f10x_gpio.o
        26          0          0          0          0       3566   stm32f10x_it.o
       308         38          0         20          0      13494   stm32f10x_rcc.o
       286         42          0          0          0      25535   stm32f10x_tim.o
       442          6          0          0          0      11801   stm32f10x_usart.o
       274          0          0          0          0       3755   sw_i2c.o
       328         28          0          0          0      45145   system_stm32f10x.o

    ----------------------------------------------------------------------
      5014        422       1888        244       1604     379255   Object Totals
         0          0         32          0          0          0   (incl. Generated)
        16          0          0          1          2          0   (incl. Padding)

    ----------------------------------------------------------------------

      Code (inc. data)   RO Data    RW Data    ZI Data      Debug   Library Member Name

         8          0          0          0          0         68   __main.o
         0          0          0          0          0          0   __rtentry.o
        12          0          0          0          0          0   __rtentry2.o
         6          0          0          0          0          0   __rtentry4.o
        52          8          0          0          0          0   __scatter.o
        26          0          0          0          0          0   __scatter_copy.o
        28          0          0          0          0          0   __scatter_zi.o
        18          0          0          0          0         80   exit.o
         6          0          0          0          0        152   heapauxi.o
         0          0          0          0          0          0   indicate_semi.o
         2          0          0          0          0          0   libinit.o
         2          0          0          0          0          0   libinit2.o
         2          0          0          0          0          0   libshutdown.o
         2          0          0          0          0          0   libshutdown2.o
         8          4          0          0         96         68   libspace.o
       100          0          0          0          0         80   rt_memcpy_w.o
         2          0          0          0          0          0   rtexit.o
        10          0          0          0          0          0   rtexit2.o
        12          4          0          0          0         68   sys_exit.o
        74          0          0          0          0         80   sys_stackheap_outer.o
         2          0          0          0          0         68   use_no_semi.o

    ----------------------------------------------------------------------
       378         16          0          0         96        664   Library Totals
         6          0          0          0          0          0   (incl. Padding)

    ----------------------------------------------------------------------

      Code (inc. data)   RO Data    RW Data    ZI Data      Debug   Library Name

       372         16          0          0         96        664   c_w.l

    ----------------------------------------------------------------------
       378         16          0          0         96        664   Library Totals

    ----------------------------------------------------------------------

==============================================================================


      Code (inc. data)   RO Data    RW Data    ZI Data      Debug   

      5392        438       1888        244       1700     375287   Grand Totals
      5392        438       1888        244       1700     375287   ELF Image Totals
      5392        438       1888        244          0          0   ROM Totals

==============================================================================

    Total RO  Size (Code + RO Data)                 7280 (   7.11kB)
    Total RW  Size (RW Data + ZI Data)              1944 (   1.90kB)
    Total ROM Size (Code + RO Data + RW Data)       7524 (   7.35kB)

==============================================================================

